MPLINK 4.30.01, Linker
Linker Map File - Created Sat May 25 00:56:03 2013

                                 Section Info
                  Section       Type    Address   Location Size(Bytes)
                ---------  ---------  ---------  ---------  ---------
               _entry_scn       code   0x000000    program   0x000006
                   .cinit    romdata   0x00002a    program   0x00000e
             .code_xlcd.o       code   0x000038    program   0x001244
                    .code       code   0x00127c    program   0x000d8c
          .code_Tour1_M.o       code   0x002008    program   0x000164
                     PROG       code   0x00216c    program   0x0000a6
               _cinit_scn       code   0x002212    program   0x00009e
                StrDescrs       code   0x0022b0    program   0x000084
             D10KTCYXCODE       code   0x002334    program   0x00002e
         .code_fxd1616u.o       code   0x002362    program   0x00002c
              D1KTCYXCODE       code   0x00238e    program   0x000020
             _startup_scn       code   0x0023ae    program   0x00001c
                 VarTable       code   0x0023ca    program   0x00001a
                StrPtrTbl       code   0x0023e4    program   0x00000a
           .code___init.o       code   0x0023ee    program   0x000002
        .romdata___init.o    romdata   0x0023f0    program   0x000000
       .romdata_Tour1_M.o    romdata   0x0023f0    program   0x000000
      .romdata_fxd1616u.o    romdata   0x0023f0    program   0x000000
             .stringtable    romdata   0x0023f0    program   0x000000
         .romdata_c018i.o    romdata   0x0023f0    program   0x000000
          .romdata_xlcd.o    romdata   0x0023f0    program   0x000000
          .idata_xlcd.o_i    romdata   0x0023f0    program   0x000096
        .idata___init.o_i    romdata   0x002486    program   0x000000
      .idata_fxd1616u.o_i    romdata   0x002486    program   0x000000
       .idata_Tour1_M.o_i    romdata   0x002486    program   0x000000
            .code_c018i.o       code   0x002486    program   0x000000
         .idata_c018i.o_i    romdata   0x002486    program   0x000000
 .config_300000_Tour1_M.o    romdata   0x300000    program   0x000001
 .config_300001_Tour1_M.o    romdata   0x300001    program   0x000001
 .config_300002_Tour1_M.o    romdata   0x300002    program   0x000001
 .config_300003_Tour1_M.o    romdata   0x300003    program   0x000001
 .config_300005_Tour1_M.o    romdata   0x300005    program   0x000001
 .config_300006_Tour1_M.o    romdata   0x300006    program   0x000001
 .config_300008_Tour1_M.o    romdata   0x300008    program   0x000001
 .config_300009_Tour1_M.o    romdata   0x300009    program   0x000001
 .config_30000a_Tour1_M.o    romdata   0x30000a    program   0x000001
 .config_30000b_Tour1_M.o    romdata   0x30000b    program   0x000001
 .config_30000c_Tour1_M.o    romdata   0x30000c    program   0x000001
 .config_30000d_Tour1_M.o    romdata   0x30000d    program   0x000001
                MATH_DATA      udata   0x000000       data   0x000014
                UsbAccess      udata   0x000014       data   0x000005
                 .tmpdata      udata   0x000019       data   0x000004
               .udata_acs      udata   0x00001d       data   0x000002
                DELAYDAT2      udata   0x00001f       data   0x000001
                DELAYDAT1      udata   0x000020       data   0x000001
            .idata_xlcd.o      idata   0x000060       data   0x000096
           .udata_c018i.o      udata   0x0000f6       data   0x00000a
         .udata_Tour1_M.o      udata   0x000100       data   0x00000d
          .idata___init.o      idata   0x00010d       data   0x000000
          .udata___init.o      udata   0x00010d       data   0x000000
        .idata_fxd1616u.o      idata   0x00010d       data   0x000000
        .udata_fxd1616u.o      udata   0x00010d       data   0x000000
            .udata_xlcd.o      udata   0x00010d       data   0x000000
         .idata_Tour1_M.o      idata   0x00010d       data   0x000000
           .idata_c018i.o      idata   0x00010d       data   0x000000
                   .stack      udata   0x000300       data   0x000100
                  USB_RAM      udata   0x000400       data   0x0000e7
            SFR_UNBANKED0      udata   0x000f62       data   0x00009e



                              Program Memory Usage 
                               Start         End      
                           ---------   ---------      
                            0x000000    0x000005      
                            0x00002a    0x002485      
                            0x300000    0x300003      
                            0x300005    0x300006      
                            0x300008    0x30000d      
            9326 out of 33048 program addresses used, program memory utilization is 28%



                              Symbols - Sorted by Name
                     Name    Address   Location    Storage File                     
                ---------  ---------  ---------  --------- ---------                
             C1_InEpTable   0x001352    program     extern C:\microchip\DipCoater_Manual_USB\usb18mem.asm
            C1_OutEpTable   0x00135a    program     extern C:\microchip\DipCoater_Manual_USB\usb18mem.asm
              C1_RD_Table   0x001344    program     extern C:\microchip\DipCoater_Manual_USB\descript.asm
             C2_InEpTable   0x001362    program     extern C:\microchip\DipCoater_Manual_USB\usb18mem.asm
            C2_OutEpTable   0x001364    program     extern C:\microchip\DipCoater_Manual_USB\usb18mem.asm
              C2_RD_Table   0x001350    program     extern C:\microchip\DipCoater_Manual_USB\descript.asm
           CalcNewIndexes   0x001d64    program     static C:\microchip\DipCoater_Manual_USB\usb18.asm
     CalcNewIndexesOneBit   0x001d68    program     static C:\microchip\DipCoater_Manual_USB\usb18.asm
                CheckFor3   0x001f4c    program     static C:\microchip\DipCoater_Manual_USB\usb18.asm
        CheckFor3Unsigned   0x001f5a    program     static C:\microchip\DipCoater_Manual_USB\usb18.asm
      CheckRDT_NumEntries   0x001adc    program     static C:\microchip\DipCoater_Manual_USB\usb18.asm
                CheckSize   0x001ecc    program     static C:\microchip\DipCoater_Manual_USB\usb18.asm
                  Config1   0x0012a0    program     extern C:\microchip\DipCoater_Manual_USB\descript.asm
               Config1Len   0x0012a4    program     extern C:\microchip\DipCoater_Manual_USB\descript.asm
                  Config2   0x0012f2    program     extern C:\microchip\DipCoater_Manual_USB\descript.asm
               Config2Len   0x0012f2    program     extern C:\microchip\DipCoater_Manual_USB\descript.asm
               ConvertBit   0x001e0e    program     static C:\microchip\DipCoater_Manual_USB\usb18.asm
                CopyToVar   0x001f18    program     static C:\microchip\DipCoater_Manual_USB\usb18.asm
           CtlOutVarTable   0x0023e2    program     extern C:\microchip\DipCoater_Manual_USB\descript.asm
                   D10K_1   0x002340    program     static E:\c18v3.46\pic18-lt\cxx-framework\src\traditional\delays\d10ktcyx.asm
                    D10Kl   0x00234c    program     static E:\c18v3.46\pic18-lt\cxx-framework\src\traditional\delays\d10ktcyx.asm
                    D10Kx   0x00233e    program     static E:\c18v3.46\pic18-lt\cxx-framework\src\traditional\delays\d10ktcyx.asm
                   D1616S   0x00218e    program     static E:\c18v3.46\pic18-lt\cxx-framework\src\traditional\math\fxd1616s.asm
                D1616SNEG   0x00219c    program     static E:\c18v3.46\pic18-lt\cxx-framework\src\traditional\math\fxd1616s.asm
                 D1616SOK   0x002198    program     static E:\c18v3.46\pic18-lt\cxx-framework\src\traditional\math\fxd1616s.asm
                  D1616SX   0x0021ae    program     static E:\c18v3.46\pic18-lt\cxx-framework\src\traditional\math\fxd1616s.asm
                    D1K_1   0x00239a    program     static E:\c18v3.46\pic18-lt\cxx-framework\src\traditional\delays\d1ktcyx.asm
                     D1Kx   0x002398    program     static E:\c18v3.46\pic18-lt\cxx-framework\src\traditional\delays\d1ktcyx.asm
                  DA1616S   0x00217e    program     static E:\c18v3.46\pic18-lt\cxx-framework\src\traditional\math\fxd1616s.asm
             Delay10KTCYx   0x002334    program     extern E:\c18v3.46\pic18-lt\cxx-framework\src\traditional\delays\d10ktcyx.asm
              Delay1KTCYx   0x00238e    program     extern E:\c18v3.46\pic18-lt\cxx-framework\src\traditional\delays\d1ktcyx.asm
         DeviceDescriptor   0x00127c    program     extern C:\microchip\DipCoater_Manual_USB\descript.asm
               EndConfig1   0x0012f2    program     static C:\microchip\DipCoater_Manual_USB\descript.asm
              EndPoint1In   0x0012d6    program     extern C:\microchip\DipCoater_Manual_USB\descript.asm
             EndPoint1Out   0x0012e4    program     extern C:\microchip\DipCoater_Manual_USB\descript.asm
               EndReport1   0x001344    program     static C:\microchip\DipCoater_Manual_USB\descript.asm
           Ep1RcvVarTable   0x0023ca    program     extern C:\microchip\DipCoater_Manual_USB\descript.asm
           Ep1XmtVarTable   0x0023d2    program     extern C:\microchip\DipCoater_Manual_USB\descript.asm
           Ep2RcvVarTable   0x0023dc    program     extern C:\microchip\DipCoater_Manual_USB\descript.asm
           Ep2XmtVarTable   0x0023de    program     extern C:\microchip\DipCoater_Manual_USB\descript.asm
                 FXD1616S   0x00216c    program     extern E:\c18v3.46\pic18-lt\cxx-framework\src\traditional\math\fxd1616s.asm
                 FXD1616U   0x002362    program     extern E:\c18v3.46\pic18-lt\cxx-framework\src\traditional\math\fxd1616u.c
                 FXM1616S   0x0021b8    program     extern E:\c18v3.46\pic18-lt\cxx-framework\src\traditional\math\fxm1616s.asm
                FeatureIn   0x002166    program     extern C:\microchip\DipCoater_Manual_USB\Tour1_M.c
          FeatureVarTable   0x0023e0    program     extern C:\microchip\DipCoater_Manual_USB\descript.asm
          FindRDEntryLoop   0x001aee    program     static C:\microchip\DipCoater_Manual_USB\usb18.asm
      FoundRightIntfEntry   0x001b0e    program     static C:\microchip\DipCoater_Manual_USB\usb18.asm
                  GetMask   0x001e00    program     static C:\microchip\DipCoater_Manual_USB\usb18.asm
              GetMaskLoop   0x001e02    program     static C:\microchip\DipCoater_Manual_USB\usb18.asm
                   GetUSB   0x001c44    program     static C:\microchip\DipCoater_Manual_USB\usb18.asm
           GetUSBNotReady   0x001c64    program     static C:\microchip\DipCoater_Manual_USB\usb18.asm
            GetUSBRamLoop   0x001c82    program     static C:\microchip\DipCoater_Manual_USB\usb18.asm
               GetUSBZero   0x001c8a    program     static C:\microchip\DipCoater_Manual_USB\usb18.asm
                     HID0   0x0012c4    program     extern C:\microchip\DipCoater_Manual_USB\descript.asm
          HID_Descriptor1   0x0012c4    program     extern C:\microchip\DipCoater_Manual_USB\descript.asm
            InProcessLoop   0x001cf4    program     static C:\microchip\DipCoater_Manual_USB\usb18.asm
             InitC1_InEps   0x0016a6    program     static C:\microchip\DipCoater_Manual_USB\usb18.asm
            InitC1_OutEps   0x0016f2    program     static C:\microchip\DipCoater_Manual_USB\usb18.asm
                 InitEPIn   0x001b86    program     static C:\microchip\DipCoater_Manual_USB\usb18.asm
                InitEPOut   0x001bb6    program     static C:\microchip\DipCoater_Manual_USB\usb18.asm
              InitUSBVars   0x002008    program     extern C:\microchip\DipCoater_Manual_USB\Tour1_M.c
               Init_InEps   0x0016ac    program     static C:\microchip\DipCoater_Manual_USB\usb18.asm
              Init_OutEps   0x0016f8    program     static C:\microchip\DipCoater_Manual_USB\usb18.asm
      InitializeUSBDriver   0x00197a    program     static C:\microchip\DipCoater_Manual_USB\usb18.asm
               Interface0   0x0012b2    program     extern C:\microchip\DipCoater_Manual_USB\descript.asm
                 NotReady   0x001cb6    program     static C:\microchip\DipCoater_Manual_USB\usb18.asm
                   NotZLP   0x001e5c    program     static C:\microchip\DipCoater_Manual_USB\usb18.asm
                   OneBit   0x001d9e    program     static C:\microchip\DipCoater_Manual_USB\usb18.asm
     PackAndSendOnePacket   0x0013a4    program     extern C:\microchip\DipCoater_Manual_USB\usb18.asm
        PackandShipPacket   0x001c9a    program     static C:\microchip\DipCoater_Manual_USB\usb18.asm
               PacketFull   0x001d84    program     static C:\microchip\DipCoater_Manual_USB\usb18.asm
              PlentyORoom   0x001eea    program     static C:\microchip\DipCoater_Manual_USB\usb18.asm
            PointToPacket   0x001de8    program     static C:\microchip\DipCoater_Manual_USB\usb18.asm
           PointToStorage   0x001de4    program     static C:\microchip\DipCoater_Manual_USB\usb18.asm
                  Pulse_E   0x000096    program     extern C:\microchip\DipCoater_Manual_USB\xlcd.c
                   PutUSB   0x001bee    program     static C:\microchip\DipCoater_Manual_USB\usb18.asm
           PutUSBNotReady   0x001c0e    program     static C:\microchip\DipCoater_Manual_USB\usb18.asm
            PutUSBRamLoop   0x001c2c    program     static C:\microchip\DipCoater_Manual_USB\usb18.asm
               PutUSBZero   0x001c34    program     static C:\microchip\DipCoater_Manual_USB\usb18.asm
            RcvFeatureRpt   0x002168    program     extern C:\microchip\DipCoater_Manual_USB\Tour1_M.c
                RcvOutRpt   0x00216a    program     extern C:\microchip\DipCoater_Manual_USB\Tour1_M.c
   ReadAndUnpackOnePacket   0x001378    program     extern C:\microchip\DipCoater_Manual_USB\usb18.asm
            ReleaseBuffer   0x001dd8    program     static C:\microchip\DipCoater_Manual_USB\usb18.asm
                  Report1   0x0012f6    program     static C:\microchip\DipCoater_Manual_USB\descript.asm
              RestoreFSRs   0x001522    program     static C:\microchip\DipCoater_Manual_USB\usb18.asm
              SaveContext   0x001fac    program     static C:\microchip\DipCoater_Manual_USB\usb18.asm
          SaveContextLoop   0x001fc6    program     static C:\microchip\DipCoater_Manual_USB\usb18.asm
          SaveContextSave   0x001fce    program     static C:\microchip\DipCoater_Manual_USB\usb18.asm
                 SaveFSRs   0x0014f0    program     static C:\microchip\DipCoater_Manual_USB\usb18.asm
               SendPacket   0x001dca    program     static C:\microchip\DipCoater_Manual_USB\usb18.asm
            SetC1_RDTable   0x001ad6    program     static C:\microchip\DipCoater_Manual_USB\usb18.asm
               String0_L1   0x0022b0    program     static C:\microchip\DipCoater_Manual_USB\descript.asm
               String1_L1   0x0022b8    program     static C:\microchip\DipCoater_Manual_USB\descript.asm
           String1_L1_End   0x0022e4    program     static C:\microchip\DipCoater_Manual_USB\descript.asm
               String2_L1   0x0022e4    program     static C:\microchip\DipCoater_Manual_USB\descript.asm
           String2_L1_End   0x002310    program     static C:\microchip\DipCoater_Manual_USB\descript.asm
               String3_L1   0x002310    program     static C:\microchip\DipCoater_Manual_USB\descript.asm
           String3_L1_End   0x00231c    program     static C:\microchip\DipCoater_Manual_USB\descript.asm
               String4_L1   0x00231c    program     static C:\microchip\DipCoater_Manual_USB\descript.asm
           String4_L1_End   0x002334    program     static C:\microchip\DipCoater_Manual_USB\descript.asm
                  Strings   0x0023e4    program     static C:\microchip\DipCoater_Manual_USB\descript.asm
               TSIGN1616A   0x002204    program     static E:\c18v3.46\pic18-lt\cxx-framework\src\traditional\math\fxm1616s.asm
                   TheEnd   0x001dc0    program     static C:\microchip\DipCoater_Manual_USB\usb18.asm
                 TheUnEnd   0x001fa2    program     static C:\microchip\DipCoater_Manual_USB\usb18.asm
         USBCalcEPAddress   0x0017bc    program     static C:\microchip\DipCoater_Manual_USB\usb18.asm
        USBCheckBusStatus   0x001992    program     static C:\microchip\DipCoater_Manual_USB\usb18.asm
       USBCheckBusStatus1   0x001998    program     static C:\microchip\DipCoater_Manual_USB\usb18.asm
       USBCheckHIDRequest   0x001a8a    program     static C:\microchip\DipCoater_Manual_USB\usb18.asm
     USBCheckHIDRequest01   0x001a96    program     static C:\microchip\DipCoater_Manual_USB\usb18.asm
      USBCheckHIDRequest1   0x001ac0    program     static C:\microchip\DipCoater_Manual_USB\usb18.asm
      USBCheckHIDRequest2   0x001b32    program     static C:\microchip\DipCoater_Manual_USB\usb18.asm
  USBCheckHIDRequestClass   0x001b32    program     static C:\microchip\DipCoater_Manual_USB\usb18.asm
 USBCheckHIDRequestClass1   0x001b52    program     static C:\microchip\DipCoater_Manual_USB\usb18.asm
 USBCheckHIDRequestClass2   0x001b5e    program     static C:\microchip\DipCoater_Manual_USB\usb18.asm
 USBCheckHIDRequestClass3   0x001b76    program     static C:\microchip\DipCoater_Manual_USB\usb18.asm
   USBCheckHIDRequestExit   0x001a94    program     static C:\microchip\DipCoater_Manual_USB\usb18.asm
       USBCheckStdRequest   0x001554    program     static C:\microchip\DipCoater_Manual_USB\usb18.asm
      USBCheckStdRequest1   0x00156a    program     static C:\microchip\DipCoater_Manual_USB\usb18.asm
      USBCheckStdRequest2   0x001572    program     static C:\microchip\DipCoater_Manual_USB\usb18.asm
      USBCheckStdRequest3   0x00158a    program     static C:\microchip\DipCoater_Manual_USB\usb18.asm
      USBCheckStdRequest4   0x001592    program     static C:\microchip\DipCoater_Manual_USB\usb18.asm
      USBCheckStdRequest5   0x00159a    program     static C:\microchip\DipCoater_Manual_USB\usb18.asm
      USBCheckStdRequest6   0x0015a2    program     static C:\microchip\DipCoater_Manual_USB\usb18.asm
      USBCheckStdRequest7   0x0015aa    program     static C:\microchip\DipCoater_Manual_USB\usb18.asm
      USBCheckStdRequest8   0x0015c6    program     static C:\microchip\DipCoater_Manual_USB\usb18.asm
   USBCheckStdRequestExit   0x0015da    program     static C:\microchip\DipCoater_Manual_USB\usb18.asm
         USBCtrlEPService   0x0017cc    program     static C:\microchip\DipCoater_Manual_USB\usb18.asm
        USBCtrlEPService1   0x0017dc    program     static C:\microchip\DipCoater_Manual_USB\usb18.asm
 USBCtrlEPServiceComplete   0x0018ea    program     static C:\microchip\DipCoater_Manual_USB\usb18.asm
USBCtrlEPServiceComplete1   0x001904    program     static C:\microchip\DipCoater_Manual_USB\usb18.asm
USBCtrlEPServiceComplete11   0x00191e    program     static C:\microchip\DipCoater_Manual_USB\usb18.asm
USBCtrlEPServiceComplete2   0x001942    program     static C:\microchip\DipCoater_Manual_USB\usb18.asm
USBCtrlEPServiceCompleteCopy   0x001916    program     static C:\microchip\DipCoater_Manual_USB\usb18.asm
USBCtrlEPServiceCompleteExit   0x00195c    program     static C:\microchip\DipCoater_Manual_USB\usb18.asm
      USBCtrlTrfInHandler   0x00180e    program     static C:\microchip\DipCoater_Manual_USB\usb18.asm
     USBCtrlTrfInHandler1   0x001820    program     static C:\microchip\DipCoater_Manual_USB\usb18.asm
     USBCtrlTrfOutHandler   0x0017fc    program     static C:\microchip\DipCoater_Manual_USB\usb18.asm
      USBCtrlTrfRxService   0x0018b2    program     static C:\microchip\DipCoater_Manual_USB\usb18.asm
  USBCtrlTrfRxServiceExit   0x0018e8    program     static C:\microchip\DipCoater_Manual_USB\usb18.asm
  USBCtrlTrfRxServiceLoop   0x0018d4    program     static C:\microchip\DipCoater_Manual_USB\usb18.asm
   USBCtrlTrfSetupHandler   0x0017e4    program     static C:\microchip\DipCoater_Manual_USB\usb18.asm
      USBCtrlTrfTxService   0x001832    program     static C:\microchip\DipCoater_Manual_USB\usb18.asm
  USBCtrlTrfTxServiceCopy   0x001846    program     static C:\microchip\DipCoater_Manual_USB\usb18.asm
  USBCtrlTrfTxServiceExit   0x0018b0    program     static C:\microchip\DipCoater_Manual_USB\usb18.asm
USBCtrlTrfTxServiceFinishUp   0x0018b0    program     static C:\microchip\DipCoater_Manual_USB\usb18.asm
   USBCtrlTrfTxServiceRam   0x001894    program     static C:\microchip\DipCoater_Manual_USB\usb18.asm
USBCtrlTrfTxServiceRamLoop   0x00189c    program     static C:\microchip\DipCoater_Manual_USB\usb18.asm
USBCtrlTrfTxServiceRomLoop   0x00187a    program     static C:\microchip\DipCoater_Manual_USB\usb18.asm
USBCtrlTrfTxServiceRomRam   0x00186c    program     static C:\microchip\DipCoater_Manual_USB\usb18.asm
   USBCtrlTrfTxServiceSub   0x00184e    program     static C:\microchip\DipCoater_Manual_USB\usb18.asm
         USBDriverService   0x0019c8    program     static C:\microchip\DipCoater_Manual_USB\usb18.asm
        USBDriverService1   0x0019d8    program     static C:\microchip\DipCoater_Manual_USB\usb18.asm
        USBDriverService2   0x0019e4    program     static C:\microchip\DipCoater_Manual_USB\usb18.asm
        USBDriverService3   0x0019ec    program     static C:\microchip\DipCoater_Manual_USB\usb18.asm
        USBDriverService4   0x0019f4    program     static C:\microchip\DipCoater_Manual_USB\usb18.asm
        USBDriverService5   0x0019fc    program     static C:\microchip\DipCoater_Manual_USB\usb18.asm
        USBDriverService6   0x001a04    program     static C:\microchip\DipCoater_Manual_USB\usb18.asm
     USBDriverServiceExit   0x001a16    program     static C:\microchip\DipCoater_Manual_USB\usb18.asm
          USBErrorHandler   0x001a52    program     static C:\microchip\DipCoater_Manual_USB\usb18.asm
    USBHIDSetSessionOwner   0x001b80    program     static C:\microchip\DipCoater_Manual_USB\usb18.asm
                  USBInit   0x001366    program     extern C:\microchip\DipCoater_Manual_USB\usb18.asm
         USBModuleDisable   0x0019bc    program     static C:\microchip\DipCoater_Manual_USB\usb18.asm
          USBModuleEnable   0x0019b0    program     static C:\microchip\DipCoater_Manual_USB\usb18.asm
USBPrepareForNextSetupTrf   0x001960    program     static C:\microchip\DipCoater_Manual_USB\usb18.asm
  USBProtocolResetHandler   0x001a56    program     static C:\microchip\DipCoater_Manual_USB\usb18.asm
USBProtocolResetHandlerClearLoop   0x001a6a    program     static C:\microchip\DipCoater_Manual_USB\usb18.asm
USBProtocolResetHandlerFlushLoop   0x001a76    program     static C:\microchip\DipCoater_Manual_USB\usb18.asm
          USBRemoteWakeup   0x001a28    program     static C:\microchip\DipCoater_Manual_USB\usb18.asm
      USBRemoteWakeupLoop   0x001a38    program     static C:\microchip\DipCoater_Manual_USB\usb18.asm
               USBService   0x00136e    program     extern C:\microchip\DipCoater_Manual_USB\usb18.asm
            USBSoftDetach   0x0019bc    program     extern C:\microchip\DipCoater_Manual_USB\usb18.asm
          USBStallHandler   0x001a48    program     static C:\microchip\DipCoater_Manual_USB\usb18.asm
  USBStdFeatureReqHandler   0x001778    program     static C:\microchip\DipCoater_Manual_USB\usb18.asm
 USBStdFeatureReqHandler1   0x001790    program     static C:\microchip\DipCoater_Manual_USB\usb18.asm
 USBStdFeatureReqHandler2   0x0017b2    program     static C:\microchip\DipCoater_Manual_USB\usb18.asm
USBStdFeatureReqHandlerExit   0x001794    program     static C:\microchip\DipCoater_Manual_USB\usb18.asm
      USBStdGetDscHandler   0x0015dc    program     static C:\microchip\DipCoater_Manual_USB\usb18.asm
     USBStdGetDscHandler1   0x001606    program     static C:\microchip\DipCoater_Manual_USB\usb18.asm
     USBStdGetDscHandler2   0x001630    program     static C:\microchip\DipCoater_Manual_USB\usb18.asm
   USBStdGetStatusHandler   0x00172e    program     static C:\microchip\DipCoater_Manual_USB\usb18.asm
  USBStdGetStatusHandler1   0x001740    program     static C:\microchip\DipCoater_Manual_USB\usb18.asm
  USBStdGetStatusHandler2   0x00174a    program     static C:\microchip\DipCoater_Manual_USB\usb18.asm
  USBStdGetStatusHandler3   0x001760    program     static C:\microchip\DipCoater_Manual_USB\usb18.asm
USBStdGetStatusSetSessionOwner   0x00175c    program     static C:\microchip\DipCoater_Manual_USB\usb18.asm
      USBStdSetCfgHandler   0x001666    program     static C:\microchip\DipCoater_Manual_USB\usb18.asm
     USBStdSetCfgHandler1   0x001690    program     static C:\microchip\DipCoater_Manual_USB\usb18.asm
USBStdSetCfgHandlerClearAltLoop   0x00167c    program     static C:\microchip\DipCoater_Manual_USB\usb18.asm
USBStdSetCfgHandlerClearEPLoop   0x001670    program     static C:\microchip\DipCoater_Manual_USB\usb18.asm
  USBStdSetCfgHandlerExit   0x00172c    program     static C:\microchip\DipCoater_Manual_USB\usb18.asm
USBStdSetCfgHandlerInLoop   0x0016bc    program     static C:\microchip\DipCoater_Manual_USB\usb18.asm
USBStdSetCfgHandlerInitOuts   0x0016e0    program     static C:\microchip\DipCoater_Manual_USB\usb18.asm
USBStdSetCfgHandlerOutLoop   0x001708    program     static C:\microchip\DipCoater_Manual_USB\usb18.asm
USBStdSetSessionOwnerUSB9   0x0015d6    program     static C:\microchip\DipCoater_Manual_USB\usb18.asm
               USBSuspend   0x001a18    program     static C:\microchip\DipCoater_Manual_USB\usb18.asm
       USBWakeFromSuspend   0x001a20    program     static C:\microchip\DipCoater_Manual_USB\usb18.asm
               USB_SD_Ptr   0x0023e4    program     extern C:\microchip\DipCoater_Manual_USB\descript.asm
          USB_SOF_Handler   0x001a44    program     static C:\microchip\DipCoater_Manual_USB\usb18.asm
                 UnOneBit   0x001f74    program     static C:\microchip\DipCoater_Manual_USB\usb18.asm
                 UnPacket   0x001e22    program     static C:\microchip\DipCoater_Manual_USB\usb18.asm
       UnPkCalcNewIndexes   0x001f5e    program     static C:\microchip\DipCoater_Manual_USB\usb18.asm
 UnPkCalcNewIndexesOneBit   0x001f62    program     static C:\microchip\DipCoater_Manual_USB\usb18.asm
             UnPkNotReady   0x001e3e    program     static C:\microchip\DipCoater_Manual_USB\usb18.asm
            UnPkShiftLoop   0x001f0a    program     static C:\microchip\DipCoater_Manual_USB\usb18.asm
           UnPkShiftLoop1   0x001f0c    program     static C:\microchip\DipCoater_Manual_USB\usb18.asm
            UnProcessLoop   0x001eb6    program     static C:\microchip\DipCoater_Manual_USB\usb18.asm
               UnpackLoop   0x001e7a    program     static C:\microchip\DipCoater_Manual_USB\usb18.asm
              UnpackLoop1   0x001e82    program     static C:\microchip\DipCoater_Manual_USB\usb18.asm
             UsbGetPacket   0x001460    program     extern C:\microchip\DipCoater_Manual_USB\usb18.asm
             UsbPutPacket   0x0013d0    program     extern C:\microchip\DipCoater_Manual_USB\usb18.asm
                  VarLoop   0x001cfc    program     static C:\microchip\DipCoater_Manual_USB\usb18.asm
              XLCDCommand   0x000122    program     extern C:\microchip\DipCoater_Manual_USB\xlcd.c
           XLCDDelay120ms   0x00009e    program     extern C:\microchip\DipCoater_Manual_USB\xlcd.c
            XLCDDelay15ms   0x000064    program     extern C:\microchip\DipCoater_Manual_USB\xlcd.c
             XLCDDelay2ms   0x000080    program     extern C:\microchip\DipCoater_Manual_USB\xlcd.c
              XLCDDelay2s   0x000038    program     extern C:\microchip\DipCoater_Manual_USB\xlcd.c
             XLCDDelay4ms   0x000072    program     extern C:\microchip\DipCoater_Manual_USB\xlcd.c
                 XLCDInit   0x0000aa    program     extern C:\microchip\DipCoater_Manual_USB\xlcd.c
          XLCDPrintArrows   0x000d38    program     extern C:\microchip\DipCoater_Manual_USB\xlcd.c
XLCDPrintMotionCharacters   0x000d94    program     extern C:\microchip\DipCoater_Manual_USB\xlcd.c
                  XLCDPut   0x00015a    program     extern C:\microchip\DipCoater_Manual_USB\xlcd.c
         XLCDPutRamString   0x0001d6    program     extern C:\microchip\DipCoater_Manual_USB\xlcd.c
         XLCDPutRomString   0x000190    program     extern C:\microchip\DipCoater_Manual_USB\xlcd.c
          XLCD_Delay500ns   0x00008e    program     extern C:\microchip\DipCoater_Manual_USB\xlcd.c
             XLCD_Welcome   0x000dd0    program     extern C:\microchip\DipCoater_Manual_USB\xlcd.c
       _D10KTCYXCODE_0010   0x002344    program     static E:\c18v3.46\pic18-lt\cxx-framework\src\traditional\delays\d10ktcyx.asm
       _D10KTCYXCODE_001C   0x002350    program     static E:\c18v3.46\pic18-lt\cxx-framework\src\traditional\delays\d10ktcyx.asm
        _D1KTCYXCODE_0010   0x00239e    program     static E:\c18v3.46\pic18-lt\cxx-framework\src\traditional\delays\d1ktcyx.asm
        _D1KTCYXCODE_0016   0x0023a4    program     static E:\c18v3.46\pic18-lt\cxx-framework\src\traditional\delays\d1ktcyx.asm
       ___return_lbl00000   0x000004    program     static                          
       ___return_lbl00000   0x00238c    program     static                          
       ___return_lbl00001   0x0023c8    program     static                          
       ___return_lbl00002   0x0022ae    program     static                          
       ___return_lbl00004   0x000094    program     static                          
               __config_0   0x300000    program     static C:\microchip\DipCoater_Manual_USB\Tour1_M.c
               __config_1   0x300001    program     static C:\microchip\DipCoater_Manual_USB\Tour1_M.c
              __config_10   0x30000c    program     static C:\microchip\DipCoater_Manual_USB\Tour1_M.c
              __config_11   0x30000d    program     static C:\microchip\DipCoater_Manual_USB\Tour1_M.c
               __config_2   0x300002    program     static C:\microchip\DipCoater_Manual_USB\Tour1_M.c
               __config_3   0x300003    program     static C:\microchip\DipCoater_Manual_USB\Tour1_M.c
               __config_4   0x300005    program     static C:\microchip\DipCoater_Manual_USB\Tour1_M.c
               __config_5   0x300006    program     static C:\microchip\DipCoater_Manual_USB\Tour1_M.c
               __config_6   0x300008    program     static C:\microchip\DipCoater_Manual_USB\Tour1_M.c
               __config_7   0x300009    program     static C:\microchip\DipCoater_Manual_USB\Tour1_M.c
               __config_8   0x30000a    program     static C:\microchip\DipCoater_Manual_USB\Tour1_M.c
               __config_9   0x30000b    program     static C:\microchip\DipCoater_Manual_USB\Tour1_M.c
                   __init   0x0023ee    program     extern E:\c18v3.46\pic18-lt\cxx-framework\src\traditional\stdclib\__init.c
            __zero_memory   0x001fe8    program     extern E:\c18v3.46\pic18-lt\cxx-framework\src\traditional\proc\p18f4550.asm
                _do_cinit   0x002212    program     extern E:\c18v3.46\pic18-lt\cxx-framework\src\traditional\startup\c018i.c
                   _entry   0x000000    program     extern E:\c18v3.46\pic18-lt\cxx-framework\src\traditional\startup\c018i.c
                 _startup   0x0023ae    program     extern E:\c18v3.46\pic18-lt\cxx-framework\src\traditional\startup\c018i.c
             change_speed   0x000c16    program     extern C:\microchip\DipCoater_Manual_USB\xlcd.c
           checkIntervals   0x0010fe    program     extern C:\microchip\DipCoater_Manual_USB\xlcd.c
               check_pins   0x000f28    program     extern C:\microchip\DipCoater_Manual_USB\xlcd.c
                compare_l   0x001ffe    program     static E:\c18v3.46\pic18-lt\cxx-framework\src\traditional\proc\p18f4550.asm
                copy_loop   0x002284    program     static                          
            copy_one_byte   0x00228a    program     static                          
            copyshiftloop   0x001f02    program     static C:\microchip\DipCoater_Manual_USB\usb18.asm
              copyvarloop   0x001d34    program     static C:\microchip\DipCoater_Manual_USB\usb18.asm
               createChar   0x000c94    program     extern C:\microchip\DipCoater_Manual_USB\xlcd.c
                     done   0x0022ae    program     static                          
             done_copying   0x002298    program     static                          
               eepromRead   0x000b2a    program     extern C:\microchip\DipCoater_Manual_USB\xlcd.c
              eepromWrite   0x000af4    program     extern C:\microchip\DipCoater_Manual_USB\xlcd.c
        eeprom_set_values   0x0005a4    program     extern C:\microchip\DipCoater_Manual_USB\xlcd.c
                  endloop   0x002388    program     static                          
            get_direction   0x00117a    program     extern C:\microchip\DipCoater_Manual_USB\xlcd.c
                get_speed   0x001182    program     extern C:\microchip\DipCoater_Manual_USB\xlcd.c
                     itoa   0x000b4a    program     extern C:\microchip\DipCoater_Manual_USB\xlcd.c
                     loop   0x0023be    program     static                          
                     loop   0x00236c    program     static                          
                   loop_h   0x001ff6    program     static E:\c18v3.46\pic18-lt\cxx-framework\src\traditional\proc\p18f4550.asm
                   loop_l   0x002000    program     static E:\c18v3.46\pic18-lt\cxx-framework\src\traditional\proc\p18f4550.asm
                     main   0x00200c    program     extern C:\microchip\DipCoater_Manual_USB\Tour1_M.c
               printSpeed   0x0003d6    program     extern C:\microchip\DipCoater_Manual_USB\xlcd.c
              printSpeed2   0x000284    program     extern C:\microchip\DipCoater_Manual_USB\xlcd.c
          readEepromSpeed   0x000218    program     extern C:\microchip\DipCoater_Manual_USB\xlcd.c
           resetIntervals   0x001164    program     extern C:\microchip\DipCoater_Manual_USB\xlcd.c
                saveSpeed   0x000ee6    program     extern C:\microchip\DipCoater_Manual_USB\xlcd.c
                shiftloop   0x001d52    program     static C:\microchip\DipCoater_Manual_USB\usb18.asm
               shiftloop1   0x001d54    program     static C:\microchip\DipCoater_Manual_USB\usb18.asm
                speedInit   0x000eb4    program     extern C:\microchip\DipCoater_Manual_USB\xlcd.c
                     test   0x00222c    program     static                          
                  two_exp   0x0011ce    program     extern C:\microchip\DipCoater_Manual_USB\xlcd.c
            uncopyvarloop   0x001f26    program     static C:\microchip\DipCoater_Manual_USB\usb18.asm
               zero_block   0x001ff6    program     static E:\c18v3.46\pic18-lt\cxx-framework\src\traditional\proc\p18f4550.asm
                   ADCON0   0x000fc2       data     extern E:\c18v3.46\pic18-lt\cxx-framework\src\traditional\proc\p18f4550.asm
               ADCON0bits   0x000fc2       data     extern E:\c18v3.46\pic18-lt\cxx-framework\src\traditional\proc\p18f4550.asm
                   ADCON1   0x000fc1       data     extern E:\c18v3.46\pic18-lt\cxx-framework\src\traditional\proc\p18f4550.asm
               ADCON1bits   0x000fc1       data     extern E:\c18v3.46\pic18-lt\cxx-framework\src\traditional\proc\p18f4550.asm
                   ADCON2   0x000fc0       data     extern E:\c18v3.46\pic18-lt\cxx-framework\src\traditional\proc\p18f4550.asm
               ADCON2bits   0x000fc0       data     extern E:\c18v3.46\pic18-lt\cxx-framework\src\traditional\proc\p18f4550.asm
                    ADRES   0x000fc3       data     extern E:\c18v3.46\pic18-lt\cxx-framework\src\traditional\proc\p18f4550.asm
                   ADRESH   0x000fc4       data     extern E:\c18v3.46\pic18-lt\cxx-framework\src\traditional\proc\p18f4550.asm
                   ADRESL   0x000fc3       data     extern E:\c18v3.46\pic18-lt\cxx-framework\src\traditional\proc\p18f4550.asm
                  BAUDCON   0x000fb8       data     extern E:\c18v3.46\pic18-lt\cxx-framework\src\traditional\proc\p18f4550.asm
              BAUDCONbits   0x000fb8       data     extern E:\c18v3.46\pic18-lt\cxx-framework\src\traditional\proc\p18f4550.asm
                  BAUDCTL   0x000fb8       data     extern E:\c18v3.46\pic18-lt\cxx-framework\src\traditional\proc\p18f4550.asm
              BAUDCTLbits   0x000fb8       data     extern E:\c18v3.46\pic18-lt\cxx-framework\src\traditional\proc\p18f4550.asm
                      BSR   0x000fe0       data     extern E:\c18v3.46\pic18-lt\cxx-framework\src\traditional\proc\p18f4550.asm
                 CCI_STEP   0x0000a5       data     extern C:\microchip\DipCoater_Manual_USB\xlcd.c
                   CCP1AS   0x000fb6       data     extern E:\c18v3.46\pic18-lt\cxx-framework\src\traditional\proc\p18f4550.asm
               CCP1ASbits   0x000fb6       data     extern E:\c18v3.46\pic18-lt\cxx-framework\src\traditional\proc\p18f4550.asm
                  CCP1CON   0x000fbd       data     extern E:\c18v3.46\pic18-lt\cxx-framework\src\traditional\proc\p18f4550.asm
              CCP1CONbits   0x000fbd       data     extern E:\c18v3.46\pic18-lt\cxx-framework\src\traditional\proc\p18f4550.asm
                  CCP1DEL   0x000fb7       data     extern E:\c18v3.46\pic18-lt\cxx-framework\src\traditional\proc\p18f4550.asm
              CCP1DELbits   0x000fb7       data     extern E:\c18v3.46\pic18-lt\cxx-framework\src\traditional\proc\p18f4550.asm
                  CCP2CON   0x000fba       data     extern E:\c18v3.46\pic18-lt\cxx-framework\src\traditional\proc\p18f4550.asm
              CCP2CONbits   0x000fba       data     extern E:\c18v3.46\pic18-lt\cxx-framework\src\traditional\proc\p18f4550.asm
                    CCPR1   0x000fbe       data     extern E:\c18v3.46\pic18-lt\cxx-framework\src\traditional\proc\p18f4550.asm
                   CCPR1H   0x000fbf       data     extern E:\c18v3.46\pic18-lt\cxx-framework\src\traditional\proc\p18f4550.asm
                   CCPR1L   0x000fbe       data     extern E:\c18v3.46\pic18-lt\cxx-framework\src\traditional\proc\p18f4550.asm
                    CCPR2   0x000fbb       data     extern E:\c18v3.46\pic18-lt\cxx-framework\src\traditional\proc\p18f4550.asm
                   CCPR2H   0x000fbc       data     extern E:\c18v3.46\pic18-lt\cxx-framework\src\traditional\proc\p18f4550.asm
                   CCPR2L   0x000fbb       data     extern E:\c18v3.46\pic18-lt\cxx-framework\src\traditional\proc\p18f4550.asm
                    CMCON   0x000fb4       data     extern E:\c18v3.46\pic18-lt\cxx-framework\src\traditional\proc\p18f4550.asm
                CMCONbits   0x000fb4       data     extern E:\c18v3.46\pic18-lt\cxx-framework\src\traditional\proc\p18f4550.asm
CONTINUOUS_CHANGE_INTERVAL   0x00009f       data     extern C:\microchip\DipCoater_Manual_USB\xlcd.c
                   CVRCON   0x000fb5       data     extern E:\c18v3.46\pic18-lt\cxx-framework\src\traditional\proc\p18f4550.asm
               CVRCONbits   0x000fb5       data     extern E:\c18v3.46\pic18-lt\cxx-framework\src\traditional\proc\p18f4550.asm
              CtrlTrfData   0x000439       data     extern C:\microchip\DipCoater_Manual_USB\usb18mem.asm
           CtrlTrfDataLen   0x000438       data     extern C:\microchip\DipCoater_Manual_USB\usb18mem.asm
       CtrlTrfDataStorage   0x000441       data     extern C:\microchip\DipCoater_Manual_USB\usb18mem.asm
                     DDRA   0x000f92       data     extern E:\c18v3.46\pic18-lt\cxx-framework\src\traditional\proc\p18f4550.asm
                 DDRAbits   0x000f92       data     extern E:\c18v3.46\pic18-lt\cxx-framework\src\traditional\proc\p18f4550.asm
                     DDRB   0x000f93       data     extern E:\c18v3.46\pic18-lt\cxx-framework\src\traditional\proc\p18f4550.asm
                 DDRBbits   0x000f93       data     extern E:\c18v3.46\pic18-lt\cxx-framework\src\traditional\proc\p18f4550.asm
                     DDRC   0x000f94       data     extern E:\c18v3.46\pic18-lt\cxx-framework\src\traditional\proc\p18f4550.asm
                 DDRCbits   0x000f94       data     extern E:\c18v3.46\pic18-lt\cxx-framework\src\traditional\proc\p18f4550.asm
                     DDRD   0x000f95       data     extern E:\c18v3.46\pic18-lt\cxx-framework\src\traditional\proc\p18f4550.asm
                 DDRDbits   0x000f95       data     extern E:\c18v3.46\pic18-lt\cxx-framework\src\traditional\proc\p18f4550.asm
                     DDRE   0x000f96       data     extern E:\c18v3.46\pic18-lt\cxx-framework\src\traditional\proc\p18f4550.asm
                 DDREbits   0x000f96       data     extern E:\c18v3.46\pic18-lt\cxx-framework\src\traditional\proc\p18f4550.asm
            DelayCounter1   0x000020       data     extern E:\c18v3.46\pic18-lt\cxx-framework\src\traditional\delays\delayd1.asm
            DelayCounter2   0x00001f       data     extern E:\c18v3.46\pic18-lt\cxx-framework\src\traditional\delays\delayd2.asm
                  ECCP1AS   0x000fb6       data     extern E:\c18v3.46\pic18-lt\cxx-framework\src\traditional\proc\p18f4550.asm
              ECCP1ASbits   0x000fb6       data     extern E:\c18v3.46\pic18-lt\cxx-framework\src\traditional\proc\p18f4550.asm
                 ECCP1CON   0x000fbd       data     extern E:\c18v3.46\pic18-lt\cxx-framework\src\traditional\proc\p18f4550.asm
             ECCP1CONbits   0x000fbd       data     extern E:\c18v3.46\pic18-lt\cxx-framework\src\traditional\proc\p18f4550.asm
                 ECCP1DEL   0x000fb7       data     extern E:\c18v3.46\pic18-lt\cxx-framework\src\traditional\proc\p18f4550.asm
             ECCP1DELbits   0x000fb7       data     extern E:\c18v3.46\pic18-lt\cxx-framework\src\traditional\proc\p18f4550.asm
                    EEADR   0x000fa9       data     extern E:\c18v3.46\pic18-lt\cxx-framework\src\traditional\proc\p18f4550.asm
                   EECON1   0x000fa6       data     extern E:\c18v3.46\pic18-lt\cxx-framework\src\traditional\proc\p18f4550.asm
               EECON1bits   0x000fa6       data     extern E:\c18v3.46\pic18-lt\cxx-framework\src\traditional\proc\p18f4550.asm
                   EECON2   0x000fa7       data     extern E:\c18v3.46\pic18-lt\cxx-framework\src\traditional\proc\p18f4550.asm
                   EEDATA   0x000fa8       data     extern E:\c18v3.46\pic18-lt\cxx-framework\src\traditional\proc\p18f4550.asm
             EP1_InBuffer   0x000453       data     extern C:\microchip\DipCoater_Manual_USB\usb18mem.asm
            EP1_OutBuffer   0x00049d       data     extern C:\microchip\DipCoater_Manual_USB\usb18mem.asm
                     FSR0   0x000fe9       data     extern E:\c18v3.46\pic18-lt\cxx-framework\src\traditional\proc\p18f4550.asm
                    FSR0H   0x000fea       data     extern E:\c18v3.46\pic18-lt\cxx-framework\src\traditional\proc\p18f4550.asm
                    FSR0L   0x000fe9       data     extern E:\c18v3.46\pic18-lt\cxx-framework\src\traditional\proc\p18f4550.asm
                     FSR1   0x000fe1       data     extern E:\c18v3.46\pic18-lt\cxx-framework\src\traditional\proc\p18f4550.asm
                    FSR1H   0x000fe2       data     extern E:\c18v3.46\pic18-lt\cxx-framework\src\traditional\proc\p18f4550.asm
                    FSR1L   0x000fe1       data     extern E:\c18v3.46\pic18-lt\cxx-framework\src\traditional\proc\p18f4550.asm
                     FSR2   0x000fd9       data     extern E:\c18v3.46\pic18-lt\cxx-framework\src\traditional\proc\p18f4550.asm
                    FSR2H   0x000fda       data     extern E:\c18v3.46\pic18-lt\cxx-framework\src\traditional\proc\p18f4550.asm
                    FSR2L   0x000fd9       data     extern E:\c18v3.46\pic18-lt\cxx-framework\src\traditional\proc\p18f4550.asm
       HLL_ActiveProtocol   0x000015       data     extern C:\microchip\DipCoater_Manual_USB\Tour1_M.c
             HLL_IdleRate   0x000014       data     extern C:\microchip\DipCoater_Manual_USB\Tour1_M.c
                  HLVDCON   0x000fd2       data     extern E:\c18v3.46\pic18-lt\cxx-framework\src\traditional\proc\p18f4550.asm
              HLVDCONbits   0x000fd2       data     extern E:\c18v3.46\pic18-lt\cxx-framework\src\traditional\proc\p18f4550.asm
                    INDF0   0x000fef       data     extern E:\c18v3.46\pic18-lt\cxx-framework\src\traditional\proc\p18f4550.asm
                    INDF1   0x000fe7       data     extern E:\c18v3.46\pic18-lt\cxx-framework\src\traditional\proc\p18f4550.asm
                    INDF2   0x000fdf       data     extern E:\c18v3.46\pic18-lt\cxx-framework\src\traditional\proc\p18f4550.asm
                   INTCON   0x000ff2       data     extern E:\c18v3.46\pic18-lt\cxx-framework\src\traditional\proc\p18f4550.asm
                  INTCON2   0x000ff1       data     extern E:\c18v3.46\pic18-lt\cxx-framework\src\traditional\proc\p18f4550.asm
              INTCON2bits   0x000ff1       data     extern E:\c18v3.46\pic18-lt\cxx-framework\src\traditional\proc\p18f4550.asm
                  INTCON3   0x000ff0       data     extern E:\c18v3.46\pic18-lt\cxx-framework\src\traditional\proc\p18f4550.asm
              INTCON3bits   0x000ff0       data     extern E:\c18v3.46\pic18-lt\cxx-framework\src\traditional\proc\p18f4550.asm
               INTCONbits   0x000ff2       data     extern E:\c18v3.46\pic18-lt\cxx-framework\src\traditional\proc\p18f4550.asm
                     IPR1   0x000f9f       data     extern E:\c18v3.46\pic18-lt\cxx-framework\src\traditional\proc\p18f4550.asm
                 IPR1bits   0x000f9f       data     extern E:\c18v3.46\pic18-lt\cxx-framework\src\traditional\proc\p18f4550.asm
                     IPR2   0x000fa2       data     extern E:\c18v3.46\pic18-lt\cxx-framework\src\traditional\proc\p18f4550.asm
                 IPR2bits   0x000fa2       data     extern E:\c18v3.46\pic18-lt\cxx-framework\src\traditional\proc\p18f4550.asm
           InVarDirection   0x000108       data     extern C:\microchip\DipCoater_Manual_USB\Tour1_M.c
          InVarLSBCounter   0x000109       data     extern C:\microchip\DipCoater_Manual_USB\Tour1_M.c
          InVarMSBCounter   0x00010a       data     extern C:\microchip\DipCoater_Manual_USB\Tour1_M.c
                     LATA   0x000f89       data     extern E:\c18v3.46\pic18-lt\cxx-framework\src\traditional\proc\p18f4550.asm
                 LATAbits   0x000f89       data     extern E:\c18v3.46\pic18-lt\cxx-framework\src\traditional\proc\p18f4550.asm
                     LATB   0x000f8a       data     extern E:\c18v3.46\pic18-lt\cxx-framework\src\traditional\proc\p18f4550.asm
                 LATBbits   0x000f8a       data     extern E:\c18v3.46\pic18-lt\cxx-framework\src\traditional\proc\p18f4550.asm
                     LATC   0x000f8b       data     extern E:\c18v3.46\pic18-lt\cxx-framework\src\traditional\proc\p18f4550.asm
                 LATCbits   0x000f8b       data     extern E:\c18v3.46\pic18-lt\cxx-framework\src\traditional\proc\p18f4550.asm
                     LATD   0x000f8c       data     extern E:\c18v3.46\pic18-lt\cxx-framework\src\traditional\proc\p18f4550.asm
                 LATDbits   0x000f8c       data     extern E:\c18v3.46\pic18-lt\cxx-framework\src\traditional\proc\p18f4550.asm
                     LATE   0x000f8d       data     extern E:\c18v3.46\pic18-lt\cxx-framework\src\traditional\proc\p18f4550.asm
                 LATEbits   0x000f8d       data     extern E:\c18v3.46\pic18-lt\cxx-framework\src\traditional\proc\p18f4550.asm
                   LVDCON   0x000fd2       data     extern E:\c18v3.46\pic18-lt\cxx-framework\src\traditional\proc\p18f4550.asm
               LVDCONbits   0x000fd2       data     extern E:\c18v3.46\pic18-lt\cxx-framework\src\traditional\proc\p18f4550.asm
                  MIN_CCI   0x0000a3       data     extern C:\microchip\DipCoater_Manual_USB\xlcd.c
            MaxPacketSize   0x00044a       data     extern C:\microchip\DipCoater_Manual_USB\usb18mem.asm
                   OSCCON   0x000fd3       data     extern E:\c18v3.46\pic18-lt\cxx-framework\src\traditional\proc\p18f4550.asm
               OSCCONbits   0x000fd3       data     extern E:\c18v3.46\pic18-lt\cxx-framework\src\traditional\proc\p18f4550.asm
                  OSCTUNE   0x000f9b       data     extern E:\c18v3.46\pic18-lt\cxx-framework\src\traditional\proc\p18f4550.asm
              OSCTUNEbits   0x000f9b       data     extern E:\c18v3.46\pic18-lt\cxx-framework\src\traditional\proc\p18f4550.asm
          OutVarDirection   0x00010c       data     extern C:\microchip\DipCoater_Manual_USB\Tour1_M.c
              OutVarSpeed   0x00010b       data     extern C:\microchip\DipCoater_Manual_USB\Tour1_M.c
                       PC   0x000ff9       data     extern E:\c18v3.46\pic18-lt\cxx-framework\src\traditional\proc\p18f4550.asm
                      PCL   0x000ff9       data     extern E:\c18v3.46\pic18-lt\cxx-framework\src\traditional\proc\p18f4550.asm
                   PCLATH   0x000ffa       data     extern E:\c18v3.46\pic18-lt\cxx-framework\src\traditional\proc\p18f4550.asm
                   PCLATU   0x000ffb       data     extern E:\c18v3.46\pic18-lt\cxx-framework\src\traditional\proc\p18f4550.asm
                     PIE1   0x000f9d       data     extern E:\c18v3.46\pic18-lt\cxx-framework\src\traditional\proc\p18f4550.asm
                 PIE1bits   0x000f9d       data     extern E:\c18v3.46\pic18-lt\cxx-framework\src\traditional\proc\p18f4550.asm
                     PIE2   0x000fa0       data     extern E:\c18v3.46\pic18-lt\cxx-framework\src\traditional\proc\p18f4550.asm
                 PIE2bits   0x000fa0       data     extern E:\c18v3.46\pic18-lt\cxx-framework\src\traditional\proc\p18f4550.asm
                     PIR1   0x000f9e       data     extern E:\c18v3.46\pic18-lt\cxx-framework\src\traditional\proc\p18f4550.asm
                 PIR1bits   0x000f9e       data     extern E:\c18v3.46\pic18-lt\cxx-framework\src\traditional\proc\p18f4550.asm
                     PIR2   0x000fa1       data     extern E:\c18v3.46\pic18-lt\cxx-framework\src\traditional\proc\p18f4550.asm
                 PIR2bits   0x000fa1       data     extern E:\c18v3.46\pic18-lt\cxx-framework\src\traditional\proc\p18f4550.asm
                   PLUSW0   0x000feb       data     extern E:\c18v3.46\pic18-lt\cxx-framework\src\traditional\proc\p18f4550.asm
                   PLUSW1   0x000fe3       data     extern E:\c18v3.46\pic18-lt\cxx-framework\src\traditional\proc\p18f4550.asm
                   PLUSW2   0x000fdb       data     extern E:\c18v3.46\pic18-lt\cxx-framework\src\traditional\proc\p18f4550.asm
                    PORTA   0x000f80       data     extern E:\c18v3.46\pic18-lt\cxx-framework\src\traditional\proc\p18f4550.asm
                PORTAbits   0x000f80       data     extern E:\c18v3.46\pic18-lt\cxx-framework\src\traditional\proc\p18f4550.asm
                    PORTB   0x000f81       data     extern E:\c18v3.46\pic18-lt\cxx-framework\src\traditional\proc\p18f4550.asm
                PORTBbits   0x000f81       data     extern E:\c18v3.46\pic18-lt\cxx-framework\src\traditional\proc\p18f4550.asm
                    PORTC   0x000f82       data     extern E:\c18v3.46\pic18-lt\cxx-framework\src\traditional\proc\p18f4550.asm
                PORTCbits   0x000f82       data     extern E:\c18v3.46\pic18-lt\cxx-framework\src\traditional\proc\p18f4550.asm
                    PORTD   0x000f83       data     extern E:\c18v3.46\pic18-lt\cxx-framework\src\traditional\proc\p18f4550.asm
                PORTDbits   0x000f83       data     extern E:\c18v3.46\pic18-lt\cxx-framework\src\traditional\proc\p18f4550.asm
                    PORTE   0x000f84       data     extern E:\c18v3.46\pic18-lt\cxx-framework\src\traditional\proc\p18f4550.asm
                PORTEbits   0x000f84       data     extern E:\c18v3.46\pic18-lt\cxx-framework\src\traditional\proc\p18f4550.asm
                 POSTDEC0   0x000fed       data     extern E:\c18v3.46\pic18-lt\cxx-framework\src\traditional\proc\p18f4550.asm
                 POSTDEC1   0x000fe5       data     extern E:\c18v3.46\pic18-lt\cxx-framework\src\traditional\proc\p18f4550.asm
                 POSTDEC2   0x000fdd       data     extern E:\c18v3.46\pic18-lt\cxx-framework\src\traditional\proc\p18f4550.asm
                 POSTINC0   0x000fee       data     extern E:\c18v3.46\pic18-lt\cxx-framework\src\traditional\proc\p18f4550.asm
                 POSTINC1   0x000fe6       data     extern E:\c18v3.46\pic18-lt\cxx-framework\src\traditional\proc\p18f4550.asm
                 POSTINC2   0x000fde       data     extern E:\c18v3.46\pic18-lt\cxx-framework\src\traditional\proc\p18f4550.asm
                      PR2   0x000fcb       data     extern E:\c18v3.46\pic18-lt\cxx-framework\src\traditional\proc\p18f4550.asm
                  PREINC0   0x000fec       data     extern E:\c18v3.46\pic18-lt\cxx-framework\src\traditional\proc\p18f4550.asm
                  PREINC1   0x000fe4       data     extern E:\c18v3.46\pic18-lt\cxx-framework\src\traditional\proc\p18f4550.asm
                  PREINC2   0x000fdc       data     extern E:\c18v3.46\pic18-lt\cxx-framework\src\traditional\proc\p18f4550.asm
                     PROD   0x000ff3       data     extern E:\c18v3.46\pic18-lt\cxx-framework\src\traditional\proc\p18f4550.asm
                    PRODH   0x000ff4       data     extern E:\c18v3.46\pic18-lt\cxx-framework\src\traditional\proc\p18f4550.asm
                    PRODL   0x000ff3       data     extern E:\c18v3.46\pic18-lt\cxx-framework\src\traditional\proc\p18f4550.asm
           PacketBitIndex   0x00044b       data     extern C:\microchip\DipCoater_Manual_USB\usb18mem.asm
          PacketByteIndex   0x00044c       data     extern C:\microchip\DipCoater_Manual_USB\usb18mem.asm
                       R0   0x00001d       data     extern C:\microchip\DipCoater_Manual_USB\usb18mem.asm
                     RCON   0x000fd0       data     extern E:\c18v3.46\pic18-lt\cxx-framework\src\traditional\proc\p18f4550.asm
                 RCONbits   0x000fd0       data     extern E:\c18v3.46\pic18-lt\cxx-framework\src\traditional\proc\p18f4550.asm
                    RCREG   0x000fae       data     extern E:\c18v3.46\pic18-lt\cxx-framework\src\traditional\proc\p18f4550.asm
                    RCSTA   0x000fab       data     extern E:\c18v3.46\pic18-lt\cxx-framework\src\traditional\proc\p18f4550.asm
                RCSTAbits   0x000fab       data     extern E:\c18v3.46\pic18-lt\cxx-framework\src\traditional\proc\p18f4550.asm
                     SIGN   0x000000       data     extern E:\c18v3.46\pic18-lt\cxx-framework\src\traditional\math\cmath18.asm
                    SPBRG   0x000faf       data     extern E:\c18v3.46\pic18-lt\cxx-framework\src\traditional\proc\p18f4550.asm
                   SPBRGH   0x000fb0       data     extern E:\c18v3.46\pic18-lt\cxx-framework\src\traditional\proc\p18f4550.asm
                   SPPCFG   0x000f63       data     extern E:\c18v3.46\pic18-lt\cxx-framework\src\traditional\proc\p18f4550.asm
               SPPCFGbits   0x000f63       data     extern E:\c18v3.46\pic18-lt\cxx-framework\src\traditional\proc\p18f4550.asm
                   SPPCON   0x000f65       data     extern E:\c18v3.46\pic18-lt\cxx-framework\src\traditional\proc\p18f4550.asm
               SPPCONbits   0x000f65       data     extern E:\c18v3.46\pic18-lt\cxx-framework\src\traditional\proc\p18f4550.asm
                  SPPDATA   0x000f62       data     extern E:\c18v3.46\pic18-lt\cxx-framework\src\traditional\proc\p18f4550.asm
                   SPPEPS   0x000f64       data     extern E:\c18v3.46\pic18-lt\cxx-framework\src\traditional\proc\p18f4550.asm
               SPPEPSbits   0x000f64       data     extern E:\c18v3.46\pic18-lt\cxx-framework\src\traditional\proc\p18f4550.asm
                   SSPADD   0x000fc8       data     extern E:\c18v3.46\pic18-lt\cxx-framework\src\traditional\proc\p18f4550.asm
                   SSPBUF   0x000fc9       data     extern E:\c18v3.46\pic18-lt\cxx-framework\src\traditional\proc\p18f4550.asm
                  SSPCON1   0x000fc6       data     extern E:\c18v3.46\pic18-lt\cxx-framework\src\traditional\proc\p18f4550.asm
              SSPCON1bits   0x000fc6       data     extern E:\c18v3.46\pic18-lt\cxx-framework\src\traditional\proc\p18f4550.asm
                  SSPCON2   0x000fc5       data     extern E:\c18v3.46\pic18-lt\cxx-framework\src\traditional\proc\p18f4550.asm
              SSPCON2bits   0x000fc5       data     extern E:\c18v3.46\pic18-lt\cxx-framework\src\traditional\proc\p18f4550.asm
                  SSPSTAT   0x000fc7       data     extern E:\c18v3.46\pic18-lt\cxx-framework\src\traditional\proc\p18f4550.asm
              SSPSTATbits   0x000fc7       data     extern E:\c18v3.46\pic18-lt\cxx-framework\src\traditional\proc\p18f4550.asm
                    START   0x0000f4       data     extern C:\microchip\DipCoater_Manual_USB\xlcd.c
                   STATUS   0x000fd8       data     extern E:\c18v3.46\pic18-lt\cxx-framework\src\traditional\proc\p18f4550.asm
               STATUSbits   0x000fd8       data     extern E:\c18v3.46\pic18-lt\cxx-framework\src\traditional\proc\p18f4550.asm
                   STKPTR   0x000ffc       data     extern E:\c18v3.46\pic18-lt\cxx-framework\src\traditional\proc\p18f4550.asm
               STKPTRbits   0x000ffc       data     extern E:\c18v3.46\pic18-lt\cxx-framework\src\traditional\proc\p18f4550.asm
                     STOP   0x0000f3       data     extern C:\microchip\DipCoater_Manual_USB\xlcd.c
                SavedFSR0   0x000416       data     extern C:\microchip\DipCoater_Manual_USB\usb18mem.asm
                SavedFSR1   0x000418       data     extern C:\microchip\DipCoater_Manual_USB\usb18mem.asm
                SavedFSR2   0x00041a       data     extern C:\microchip\DipCoater_Manual_USB\usb18mem.asm
                 SetupPkt   0x000427       data     extern C:\microchip\DipCoater_Manual_USB\usb18mem.asm
              SetupPktLen   0x000426       data     extern C:\microchip\DipCoater_Manual_USB\usb18mem.asm
                    T0CON   0x000fd5       data     extern E:\c18v3.46\pic18-lt\cxx-framework\src\traditional\proc\p18f4550.asm
                T0CONbits   0x000fd5       data     extern E:\c18v3.46\pic18-lt\cxx-framework\src\traditional\proc\p18f4550.asm
                    T1CON   0x000fcd       data     extern E:\c18v3.46\pic18-lt\cxx-framework\src\traditional\proc\p18f4550.asm
                T1CONbits   0x000fcd       data     extern E:\c18v3.46\pic18-lt\cxx-framework\src\traditional\proc\p18f4550.asm
                    T2CON   0x000fca       data     extern E:\c18v3.46\pic18-lt\cxx-framework\src\traditional\proc\p18f4550.asm
                T2CONbits   0x000fca       data     extern E:\c18v3.46\pic18-lt\cxx-framework\src\traditional\proc\p18f4550.asm
                    T3CON   0x000fb1       data     extern E:\c18v3.46\pic18-lt\cxx-framework\src\traditional\proc\p18f4550.asm
                T3CONbits   0x000fb1       data     extern E:\c18v3.46\pic18-lt\cxx-framework\src\traditional\proc\p18f4550.asm
                   TABLAT   0x000ff5       data     extern E:\c18v3.46\pic18-lt\cxx-framework\src\traditional\proc\p18f4550.asm
                   TBLPTR   0x000ff6       data     extern E:\c18v3.46\pic18-lt\cxx-framework\src\traditional\proc\p18f4550.asm
                  TBLPTRH   0x000ff7       data     extern E:\c18v3.46\pic18-lt\cxx-framework\src\traditional\proc\p18f4550.asm
                  TBLPTRL   0x000ff6       data     extern E:\c18v3.46\pic18-lt\cxx-framework\src\traditional\proc\p18f4550.asm
                  TBLPTRU   0x000ff8       data     extern E:\c18v3.46\pic18-lt\cxx-framework\src\traditional\proc\p18f4550.asm
                    TMR0H   0x000fd7       data     extern E:\c18v3.46\pic18-lt\cxx-framework\src\traditional\proc\p18f4550.asm
                    TMR0L   0x000fd6       data     extern E:\c18v3.46\pic18-lt\cxx-framework\src\traditional\proc\p18f4550.asm
                    TMR1H   0x000fcf       data     extern E:\c18v3.46\pic18-lt\cxx-framework\src\traditional\proc\p18f4550.asm
                    TMR1L   0x000fce       data     extern E:\c18v3.46\pic18-lt\cxx-framework\src\traditional\proc\p18f4550.asm
                     TMR2   0x000fcc       data     extern E:\c18v3.46\pic18-lt\cxx-framework\src\traditional\proc\p18f4550.asm
                    TMR3H   0x000fb3       data     extern E:\c18v3.46\pic18-lt\cxx-framework\src\traditional\proc\p18f4550.asm
                    TMR3L   0x000fb2       data     extern E:\c18v3.46\pic18-lt\cxx-framework\src\traditional\proc\p18f4550.asm
                      TOS   0x000ffd       data     extern E:\c18v3.46\pic18-lt\cxx-framework\src\traditional\proc\p18f4550.asm
                     TOSH   0x000ffe       data     extern E:\c18v3.46\pic18-lt\cxx-framework\src\traditional\proc\p18f4550.asm
                     TOSL   0x000ffd       data     extern E:\c18v3.46\pic18-lt\cxx-framework\src\traditional\proc\p18f4550.asm
                     TOSU   0x000fff       data     extern E:\c18v3.46\pic18-lt\cxx-framework\src\traditional\proc\p18f4550.asm
                    TRISA   0x000f92       data     extern E:\c18v3.46\pic18-lt\cxx-framework\src\traditional\proc\p18f4550.asm
                TRISAbits   0x000f92       data     extern E:\c18v3.46\pic18-lt\cxx-framework\src\traditional\proc\p18f4550.asm
                    TRISB   0x000f93       data     extern E:\c18v3.46\pic18-lt\cxx-framework\src\traditional\proc\p18f4550.asm
                TRISBbits   0x000f93       data     extern E:\c18v3.46\pic18-lt\cxx-framework\src\traditional\proc\p18f4550.asm
                    TRISC   0x000f94       data     extern E:\c18v3.46\pic18-lt\cxx-framework\src\traditional\proc\p18f4550.asm
                TRISCbits   0x000f94       data     extern E:\c18v3.46\pic18-lt\cxx-framework\src\traditional\proc\p18f4550.asm
                    TRISD   0x000f95       data     extern E:\c18v3.46\pic18-lt\cxx-framework\src\traditional\proc\p18f4550.asm
                TRISDbits   0x000f95       data     extern E:\c18v3.46\pic18-lt\cxx-framework\src\traditional\proc\p18f4550.asm
                    TRISE   0x000f96       data     extern E:\c18v3.46\pic18-lt\cxx-framework\src\traditional\proc\p18f4550.asm
                TRISEbits   0x000f96       data     extern E:\c18v3.46\pic18-lt\cxx-framework\src\traditional\proc\p18f4550.asm
                    TXREG   0x000fad       data     extern E:\c18v3.46\pic18-lt\cxx-framework\src\traditional\proc\p18f4550.asm
                    TXSTA   0x000fac       data     extern E:\c18v3.46\pic18-lt\cxx-framework\src\traditional\proc\p18f4550.asm
                TXSTAbits   0x000fac       data     extern E:\c18v3.46\pic18-lt\cxx-framework\src\traditional\proc\p18f4550.asm
                 TempByte   0x00044d       data     extern C:\microchip\DipCoater_Manual_USB\usb18mem.asm
                TempCount   0x00044e       data     extern C:\microchip\DipCoater_Manual_USB\usb18mem.asm
                    UADDR   0x000f6e       data     extern E:\c18v3.46\pic18-lt\cxx-framework\src\traditional\proc\p18f4550.asm
                UADDRbits   0x000f6e       data     extern E:\c18v3.46\pic18-lt\cxx-framework\src\traditional\proc\p18f4550.asm
                     UCFG   0x000f6f       data     extern E:\c18v3.46\pic18-lt\cxx-framework\src\traditional\proc\p18f4550.asm
                 UCFGbits   0x000f6f       data     extern E:\c18v3.46\pic18-lt\cxx-framework\src\traditional\proc\p18f4550.asm
                     UCON   0x000f6d       data     extern E:\c18v3.46\pic18-lt\cxx-framework\src\traditional\proc\p18f4550.asm
                 UCONbits   0x000f6d       data     extern E:\c18v3.46\pic18-lt\cxx-framework\src\traditional\proc\p18f4550.asm
                     UEIE   0x000f6b       data     extern E:\c18v3.46\pic18-lt\cxx-framework\src\traditional\proc\p18f4550.asm
                 UEIEbits   0x000f6b       data     extern E:\c18v3.46\pic18-lt\cxx-framework\src\traditional\proc\p18f4550.asm
                     UEIR   0x000f6a       data     extern E:\c18v3.46\pic18-lt\cxx-framework\src\traditional\proc\p18f4550.asm
                 UEIRbits   0x000f6a       data     extern E:\c18v3.46\pic18-lt\cxx-framework\src\traditional\proc\p18f4550.asm
                     UEP0   0x000f70       data     extern E:\c18v3.46\pic18-lt\cxx-framework\src\traditional\proc\p18f4550.asm
                 UEP0bits   0x000f70       data     extern E:\c18v3.46\pic18-lt\cxx-framework\src\traditional\proc\p18f4550.asm
                     UEP1   0x000f71       data     extern E:\c18v3.46\pic18-lt\cxx-framework\src\traditional\proc\p18f4550.asm
                    UEP10   0x000f7a       data     extern E:\c18v3.46\pic18-lt\cxx-framework\src\traditional\proc\p18f4550.asm
                UEP10bits   0x000f7a       data     extern E:\c18v3.46\pic18-lt\cxx-framework\src\traditional\proc\p18f4550.asm
                    UEP11   0x000f7b       data     extern E:\c18v3.46\pic18-lt\cxx-framework\src\traditional\proc\p18f4550.asm
                UEP11bits   0x000f7b       data     extern E:\c18v3.46\pic18-lt\cxx-framework\src\traditional\proc\p18f4550.asm
                    UEP12   0x000f7c       data     extern E:\c18v3.46\pic18-lt\cxx-framework\src\traditional\proc\p18f4550.asm
                UEP12bits   0x000f7c       data     extern E:\c18v3.46\pic18-lt\cxx-framework\src\traditional\proc\p18f4550.asm
                    UEP13   0x000f7d       data     extern E:\c18v3.46\pic18-lt\cxx-framework\src\traditional\proc\p18f4550.asm
                UEP13bits   0x000f7d       data     extern E:\c18v3.46\pic18-lt\cxx-framework\src\traditional\proc\p18f4550.asm
                    UEP14   0x000f7e       data     extern E:\c18v3.46\pic18-lt\cxx-framework\src\traditional\proc\p18f4550.asm
                UEP14bits   0x000f7e       data     extern E:\c18v3.46\pic18-lt\cxx-framework\src\traditional\proc\p18f4550.asm
                    UEP15   0x000f7f       data     extern E:\c18v3.46\pic18-lt\cxx-framework\src\traditional\proc\p18f4550.asm
                UEP15bits   0x000f7f       data     extern E:\c18v3.46\pic18-lt\cxx-framework\src\traditional\proc\p18f4550.asm
                 UEP1bits   0x000f71       data     extern E:\c18v3.46\pic18-lt\cxx-framework\src\traditional\proc\p18f4550.asm
                     UEP2   0x000f72       data     extern E:\c18v3.46\pic18-lt\cxx-framework\src\traditional\proc\p18f4550.asm
                 UEP2bits   0x000f72       data     extern E:\c18v3.46\pic18-lt\cxx-framework\src\traditional\proc\p18f4550.asm
                     UEP3   0x000f73       data     extern E:\c18v3.46\pic18-lt\cxx-framework\src\traditional\proc\p18f4550.asm
                 UEP3bits   0x000f73       data     extern E:\c18v3.46\pic18-lt\cxx-framework\src\traditional\proc\p18f4550.asm
                     UEP4   0x000f74       data     extern E:\c18v3.46\pic18-lt\cxx-framework\src\traditional\proc\p18f4550.asm
                 UEP4bits   0x000f74       data     extern E:\c18v3.46\pic18-lt\cxx-framework\src\traditional\proc\p18f4550.asm
                     UEP5   0x000f75       data     extern E:\c18v3.46\pic18-lt\cxx-framework\src\traditional\proc\p18f4550.asm
                 UEP5bits   0x000f75       data     extern E:\c18v3.46\pic18-lt\cxx-framework\src\traditional\proc\p18f4550.asm
                     UEP6   0x000f76       data     extern E:\c18v3.46\pic18-lt\cxx-framework\src\traditional\proc\p18f4550.asm
                 UEP6bits   0x000f76       data     extern E:\c18v3.46\pic18-lt\cxx-framework\src\traditional\proc\p18f4550.asm
                     UEP7   0x000f77       data     extern E:\c18v3.46\pic18-lt\cxx-framework\src\traditional\proc\p18f4550.asm
                 UEP7bits   0x000f77       data     extern E:\c18v3.46\pic18-lt\cxx-framework\src\traditional\proc\p18f4550.asm
                     UEP8   0x000f78       data     extern E:\c18v3.46\pic18-lt\cxx-framework\src\traditional\proc\p18f4550.asm
                 UEP8bits   0x000f78       data     extern E:\c18v3.46\pic18-lt\cxx-framework\src\traditional\proc\p18f4550.asm
                     UEP9   0x000f79       data     extern E:\c18v3.46\pic18-lt\cxx-framework\src\traditional\proc\p18f4550.asm
                 UEP9bits   0x000f79       data     extern E:\c18v3.46\pic18-lt\cxx-framework\src\traditional\proc\p18f4550.asm
                     UFRM   0x000f66       data     extern E:\c18v3.46\pic18-lt\cxx-framework\src\traditional\proc\p18f4550.asm
                    UFRMH   0x000f67       data     extern E:\c18v3.46\pic18-lt\cxx-framework\src\traditional\proc\p18f4550.asm
                UFRMHbits   0x000f67       data     extern E:\c18v3.46\pic18-lt\cxx-framework\src\traditional\proc\p18f4550.asm
                    UFRML   0x000f66       data     extern E:\c18v3.46\pic18-lt\cxx-framework\src\traditional\proc\p18f4550.asm
                UFRMLbits   0x000f66       data     extern E:\c18v3.46\pic18-lt\cxx-framework\src\traditional\proc\p18f4550.asm
                      UIE   0x000f69       data     extern E:\c18v3.46\pic18-lt\cxx-framework\src\traditional\proc\p18f4550.asm
                  UIEbits   0x000f69       data     extern E:\c18v3.46\pic18-lt\cxx-framework\src\traditional\proc\p18f4550.asm
                      UIR   0x000f68       data     extern E:\c18v3.46\pic18-lt\cxx-framework\src\traditional\proc\p18f4550.asm
                  UIRbits   0x000f68       data     extern E:\c18v3.46\pic18-lt\cxx-framework\src\traditional\proc\p18f4550.asm
          USB_Curr_Config   0x000016       data     extern C:\microchip\DipCoater_Manual_USB\Tour1_M.c
        USB_Curr_Identity   0x000017       data     extern C:\microchip\DipCoater_Manual_USB\Tour1_M.c
        USB_Enum_Complete   0x000018       data     extern C:\microchip\DipCoater_Manual_USB\Tour1_M.c
                    USTAT   0x000f6c       data     extern E:\c18v3.46\pic18-lt\cxx-framework\src\traditional\proc\p18f4550.asm
                USTATbits   0x000f6c       data     extern E:\c18v3.46\pic18-lt\cxx-framework\src\traditional\proc\p18f4550.asm
                  VarBits   0x00044f       data     extern C:\microchip\DipCoater_Manual_USB\usb18mem.asm
                 VarBytes   0x000450       data     extern C:\microchip\DipCoater_Manual_USB\usb18mem.asm
                  VarSign   0x000451       data     extern C:\microchip\DipCoater_Manual_USB\usb18mem.asm
                  VarSize   0x000452       data     extern C:\microchip\DipCoater_Manual_USB\usb18mem.asm
                   WDTCON   0x000fd1       data     extern E:\c18v3.46\pic18-lt\cxx-framework\src\traditional\proc\p18f4550.asm
               WDTCONbits   0x000fd1       data     extern E:\c18v3.46\pic18-lt\cxx-framework\src\traditional\proc\p18f4550.asm
                     WREG   0x000fe8       data     extern E:\c18v3.46\pic18-lt\cxx-framework\src\traditional\proc\p18f4550.asm
                 __AARGB0   0x000009       data     extern E:\c18v3.46\pic18-lt\cxx-framework\src\traditional\math\aarg.asm
                 __AARGB1   0x000008       data     extern E:\c18v3.46\pic18-lt\cxx-framework\src\traditional\math\aarg.asm
                 __AARGB2   0x000007       data     extern E:\c18v3.46\pic18-lt\cxx-framework\src\traditional\math\aarg.asm
                 __AARGB3   0x000006       data     extern E:\c18v3.46\pic18-lt\cxx-framework\src\traditional\math\aarg.asm
                 __AARGB4   0x000005       data     extern E:\c18v3.46\pic18-lt\cxx-framework\src\traditional\math\aarg.asm
                 __AARGB5   0x000004       data     extern E:\c18v3.46\pic18-lt\cxx-framework\src\traditional\math\aarg.asm
                 __AARGB6   0x000003       data     extern E:\c18v3.46\pic18-lt\cxx-framework\src\traditional\math\aarg.asm
                 __AARGB7   0x000002       data     extern E:\c18v3.46\pic18-lt\cxx-framework\src\traditional\math\aarg.asm
                   __AEXP   0x00000a       data     extern E:\c18v3.46\pic18-lt\cxx-framework\src\traditional\math\aarg.asm
                 __BARGB0   0x00000e       data     extern E:\c18v3.46\pic18-lt\cxx-framework\src\traditional\math\barg.asm
                 __BARGB1   0x00000d       data     extern E:\c18v3.46\pic18-lt\cxx-framework\src\traditional\math\barg.asm
                 __BARGB2   0x00000c       data     extern E:\c18v3.46\pic18-lt\cxx-framework\src\traditional\math\barg.asm
                 __BARGB3   0x00000b       data     extern E:\c18v3.46\pic18-lt\cxx-framework\src\traditional\math\barg.asm
                   __BEXP   0x00000f       data     extern E:\c18v3.46\pic18-lt\cxx-framework\src\traditional\math\barg.asm
                __FPFLAGS   0x000001       data     extern E:\c18v3.46\pic18-lt\cxx-framework\src\traditional\math\cmath18.asm
            __FPFLAGSbits   0x000001       data     extern E:\c18v3.46\pic18-lt\cxx-framework\src\traditional\math\cmath18.asm
                  __REMB0   0x000005       data     extern E:\c18v3.46\pic18-lt\cxx-framework\src\traditional\math\aarg.asm
                  __REMB1   0x000004       data     extern E:\c18v3.46\pic18-lt\cxx-framework\src\traditional\math\aarg.asm
                  __REMB2   0x000003       data     extern E:\c18v3.46\pic18-lt\cxx-framework\src\traditional\math\aarg.asm
                  __REMB3   0x000002       data     extern E:\c18v3.46\pic18-lt\cxx-framework\src\traditional\math\aarg.asm
                   __TEMP   0x000013       data     extern E:\c18v3.46\pic18-lt\cxx-framework\src\traditional\math\temparg.asm
                 __TEMPB0   0x000013       data     extern E:\c18v3.46\pic18-lt\cxx-framework\src\traditional\math\temparg.asm
                 __TEMPB1   0x000012       data     extern E:\c18v3.46\pic18-lt\cxx-framework\src\traditional\math\temparg.asm
                 __TEMPB2   0x000011       data     extern E:\c18v3.46\pic18-lt\cxx-framework\src\traditional\math\temparg.asm
                 __TEMPB3   0x000010       data     extern E:\c18v3.46\pic18-lt\cxx-framework\src\traditional\math\temparg.asm
                  __tmp_0   0x000019       data     static C:\microchip\DipCoater_Manual_USB\xlcd.c
                _vXLCDreg   0x0000f5       data     extern C:\microchip\DipCoater_Manual_USB\xlcd.c
        bChangedDownState   0x000062       data     extern C:\microchip\DipCoater_Manual_USB\xlcd.c
      bChangedFasterState   0x000063       data     extern C:\microchip\DipCoater_Manual_USB\xlcd.c
       bChangedOnOffState   0x000060       data     extern C:\microchip\DipCoater_Manual_USB\xlcd.c
      bChangedSlowerState   0x000064       data     extern C:\microchip\DipCoater_Manual_USB\xlcd.c
          bChangedUpState   0x000061       data     extern C:\microchip\DipCoater_Manual_USB\xlcd.c
                    bDown   0x000066       data     extern C:\microchip\DipCoater_Manual_USB\xlcd.c
              bEndReached   0x000107       data     extern C:\microchip\DipCoater_Manual_USB\Tour1_M.c
                     bLSB   0x000100       data     extern C:\microchip\DipCoater_Manual_USB\Tour1_M.c
                     bMSB   0x000101       data     extern C:\microchip\DipCoater_Manual_USB\Tour1_M.c
                      bOn   0x000065       data     extern C:\microchip\DipCoater_Manual_USB\xlcd.c
            bStartReached   0x000106       data     extern C:\microchip\DipCoater_Manual_USB\Tour1_M.c
                backSlash   0x000087       data     extern C:\microchip\DipCoater_Manual_USB\xlcd.c
   ctrl_trf_session_owner   0x00041d       data     extern C:\microchip\DipCoater_Manual_USB\usb18mem.asm
           ctrl_trf_state   0x00041c       data     extern C:\microchip\DipCoater_Manual_USB\usb18mem.asm
                curr_byte   0x0000f9       data     static E:\c18v3.46\pic18-lt\cxx-framework\src\traditional\startup\c018i.c
               curr_entry   0x0000fb       data     static E:\c18v3.46\pic18-lt\cxx-framework\src\traditional\startup\c018i.c
                 data_ptr   0x0000fd       data     static E:\c18v3.46\pic18-lt\cxx-framework\src\traditional\startup\c018i.c
                downArrow   0x000077       data     extern C:\microchip\DipCoater_Manual_USB\xlcd.c
                    ep0Bi   0x000404       data     extern C:\microchip\DipCoater_Manual_USB\usb18mem.asm
                    ep0Bo   0x000400       data     extern C:\microchip\DipCoater_Manual_USB\usb18mem.asm
                    ep1Bi   0x00040c       data     extern C:\microchip\DipCoater_Manual_USB\usb18mem.asm
                    ep1Bo   0x000408       data     extern C:\microchip\DipCoater_Manual_USB\usb18mem.asm
                     iCCI   0x0000a1       data     extern C:\microchip\DipCoater_Manual_USB\xlcd.c
                  iChange   0x0000a7       data     extern C:\microchip\DipCoater_Manual_USB\xlcd.c
                   iCount   0x000104       data     extern C:\microchip\DipCoater_Manual_USB\Tour1_M.c
            iIncreasedExp   0x0000ab       data     extern C:\microchip\DipCoater_Manual_USB\xlcd.c
              iMaxChanges   0x0000a9       data     extern C:\microchip\DipCoater_Manual_USB\xlcd.c
         iMaxIncreasedExp   0x0000ad       data     extern C:\microchip\DipCoater_Manual_USB\xlcd.c
                iMaxSpeed   0x000099       data     extern C:\microchip\DipCoater_Manual_USB\xlcd.c
                iMinSpeed   0x00009b       data     extern C:\microchip\DipCoater_Manual_USB\xlcd.c
                   iSpeed   0x000097       data     extern C:\microchip\DipCoater_Manual_USB\xlcd.c
          lCurrentCounter   0x00009d       data     extern C:\microchip\DipCoater_Manual_USB\xlcd.c
                    line1   0x0000af       data     extern C:\microchip\DipCoater_Manual_USB\xlcd.c
                    line2   0x0000c0       data     extern C:\microchip\DipCoater_Manual_USB\xlcd.c
                    line3   0x0000d1       data     extern C:\microchip\DipCoater_Manual_USB\xlcd.c
                    line4   0x0000e2       data     extern C:\microchip\DipCoater_Manual_USB\xlcd.c
                     pDst   0x000414       data     extern C:\microchip\DipCoater_Manual_USB\usb18mem.asm
                     pSrc   0x000412       data     extern C:\microchip\DipCoater_Manual_USB\usb18mem.asm
                     prom   0x0000f6       data     static E:\c18v3.46\pic18-lt\cxx-framework\src\traditional\startup\c018i.c
                     temp   0x000102       data     extern C:\microchip\DipCoater_Manual_USB\Tour1_M.c
                  upArrow   0x000067       data     extern C:\microchip\DipCoater_Manual_USB\xlcd.c
           usb_active_cfg   0x000421       data     extern C:\microchip\DipCoater_Manual_USB\usb18mem.asm
             usb_alt_intf   0x000422       data     extern C:\microchip\DipCoater_Manual_USB\usb18mem.asm
         usb_device_state   0x000420       data     extern C:\microchip\DipCoater_Manual_USB\usb18mem.asm
                 usb_stat   0x000425       data     extern C:\microchip\DipCoater_Manual_USB\usb18mem.asm
                 usb_temp   0x000410       data     extern C:\microchip\DipCoater_Manual_USB\usb18mem.asm
                   wCount   0x00041e       data     extern C:\microchip\DipCoater_Manual_USB\usb18mem.asm



                              Symbols - Sorted by Address
                     Name    Address   Location    Storage File                     
                ---------  ---------  ---------  --------- ---------                
                   _entry   0x000000    program     extern E:\c18v3.46\pic18-lt\cxx-framework\src\traditional\startup\c018i.c
       ___return_lbl00000   0x000004    program     static                          
              XLCDDelay2s   0x000038    program     extern C:\microchip\DipCoater_Manual_USB\xlcd.c
            XLCDDelay15ms   0x000064    program     extern C:\microchip\DipCoater_Manual_USB\xlcd.c
             XLCDDelay4ms   0x000072    program     extern C:\microchip\DipCoater_Manual_USB\xlcd.c
[...]
                 DDRDbits   0x000f95       data     extern E:\c18v3.46\pic18-lt\cxx-framework\src\traditional\proc\p18f4550.asm
                     DDRD   0x000f95       data     extern E:\c18v3.46\pic18-lt\cxx-framework\src\traditional\proc\p18f4550.asm
                     DDRE   0x000f96       data     extern E:\c18v3.46\pic18-lt\cxx-framework\src\traditional\proc\p18f4550.asm
                 DDREbits   0x000f96       data     extern E:\c18v3.46\pic18-lt\cxx-framework\src\traditional\proc\p18f4550.asm
                    TRISE   0x000f96       data     extern E:\c18v3.46\pic18-lt\cxx-framework\src\traditional\proc\p18f4550.asm
                TRISEbits   0x000f96       data     extern E:\c18v3.46\pic18-lt\cxx-framework\src\traditional\proc\p18f4550.asm
              OSCTUNEbits   0x000f9b       data     extern E:\c18v3.46\pic18-lt\cxx-framework\src\traditional\proc\p18f4550.asm
                  OSCTUNE   0x000f9b       data     extern E:\c18v3.46\pic18-lt\cxx-framework\src\traditional\proc\p18f4550.asm
                     PIE1   0x000f9d       data     extern E:\c18v3.46\pic18-lt\cxx-framework\src\traditional\proc\p18f4550.asm
                 PIE1bits   0x000f9d       data     extern E:\c18v3.46\pic18-lt\cxx-framework\src\traditional\proc\p18f4550.asm
                 PIR1bits   0x000f9e       data     extern E:\c18v3.46\pic18-lt\cxx-framework\src\traditional\proc\p18f4550.asm
                     PIR1   0x000f9e       data     extern E:\c18v3.46\pic18-lt\cxx-framework\src\traditional\proc\p18f4550.asm
                     IPR1   0x000f9f       data     extern E:\c18v3.46\pic18-lt\cxx-framework\src\traditional\proc\p18f4550.asm
                 IPR1bits   0x000f9f       data     extern E:\c18v3.46\pic18-lt\cxx-framework\src\traditional\proc\p18f4550.asm
                 PIE2bits   0x000fa0       data     extern E:\c18v3.46\pic18-lt\cxx-framework\src\traditional\proc\p18f4550.asm
                     PIE2   0x000fa0       data     extern E:\c18v3.46\pic18-lt\cxx-framework\src\traditional\proc\p18f4550.asm
                     PIR2   0x000fa1       data     extern E:\c18v3.46\pic18-lt\cxx-framework\src\traditional\proc\p18f4550.asm
                 PIR2bits   0x000fa1       data     extern E:\c18v3.46\pic18-lt\cxx-framework\src\traditional\proc\p18f4550.asm
                 IPR2bits   0x000fa2       data     extern E:\c18v3.46\pic18-lt\cxx-framework\src\traditional\proc\p18f4550.asm
                     IPR2   0x000fa2       data     extern E:\c18v3.46\pic18-lt\cxx-framework\src\traditional\proc\p18f4550.asm
                   EECON1   0x000fa6       data     extern E:\c18v3.46\pic18-lt\cxx-framework\src\traditional\proc\p18f4550.asm
               EECON1bits   0x000fa6       data     extern E:\c18v3.46\pic18-lt\cxx-framework\src\traditional\proc\p18f4550.asm
                   EECON2   0x000fa7       data     extern E:\c18v3.46\pic18-lt\cxx-framework\src\traditional\proc\p18f4550.asm
                   EEDATA   0x000fa8       data     extern E:\c18v3.46\pic18-lt\cxx-framework\src\traditional\proc\p18f4550.asm
                    EEADR   0x000fa9       data     extern E:\c18v3.46\pic18-lt\cxx-framework\src\traditional\proc\p18f4550.asm
                    RCSTA   0x000fab       data     extern E:\c18v3.46\pic18-lt\cxx-framework\src\traditional\proc\p18f4550.asm
                RCSTAbits   0x000fab       data     extern E:\c18v3.46\pic18-lt\cxx-framework\src\traditional\proc\p18f4550.asm
                    TXSTA   0x000fac       data     extern E:\c18v3.46\pic18-lt\cxx-framework\src\traditional\proc\p18f4550.asm
                TXSTAbits   0x000fac       data     extern E:\c18v3.46\pic18-lt\cxx-framework\src\traditional\proc\p18f4550.asm
                    TXREG   0x000fad       data     extern E:\c18v3.46\pic18-lt\cxx-framework\src\traditional\proc\p18f4550.asm
                    RCREG   0x000fae       data     extern E:\c18v3.46\pic18-lt\cxx-framework\src\traditional\proc\p18f4550.asm
                    SPBRG   0x000faf       data     extern E:\c18v3.46\pic18-lt\cxx-framework\src\traditional\proc\p18f4550.asm
                   SPBRGH   0x000fb0       data     extern E:\c18v3.46\pic18-lt\cxx-framework\src\traditional\proc\p18f4550.asm
                T3CONbits   0x000fb1       data     extern E:\c18v3.46\pic18-lt\cxx-framework\src\traditional\proc\p18f4550.asm
                    T3CON   0x000fb1       data     extern E:\c18v3.46\pic18-lt\cxx-framework\src\traditional\proc\p18f4550.asm
                    TMR3L   0x000fb2       data     extern E:\c18v3.46\pic18-lt\cxx-framework\src\traditional\proc\p18f4550.asm
                    TMR3H   0x000fb3       data     extern E:\c18v3.46\pic18-lt\cxx-framework\src\traditional\proc\p18f4550.asm
                CMCONbits   0x000fb4       data     extern E:\c18v3.46\pic18-lt\cxx-framework\src\traditional\proc\p18f4550.asm
                    CMCON   0x000fb4       data     extern E:\c18v3.46\pic18-lt\cxx-framework\src\traditional\proc\p18f4550.asm
               CVRCONbits   0x000fb5       data     extern E:\c18v3.46\pic18-lt\cxx-framework\src\traditional\proc\p18f4550.asm
                   CVRCON   0x000fb5       data     extern E:\c18v3.46\pic18-lt\cxx-framework\src\traditional\proc\p18f4550.asm
               CCP1ASbits   0x000fb6       data     extern E:\c18v3.46\pic18-lt\cxx-framework\src\traditional\proc\p18f4550.asm
                   CCP1AS   0x000fb6       data     extern E:\c18v3.46\pic18-lt\cxx-framework\src\traditional\proc\p18f4550.asm
                  ECCP1AS   0x000fb6       data     extern E:\c18v3.46\pic18-lt\cxx-framework\src\traditional\proc\p18f4550.asm
              ECCP1ASbits   0x000fb6       data     extern E:\c18v3.46\pic18-lt\cxx-framework\src\traditional\proc\p18f4550.asm
              CCP1DELbits   0x000fb7       data     extern E:\c18v3.46\pic18-lt\cxx-framework\src\traditional\proc\p18f4550.asm
                  CCP1DEL   0x000fb7       data     extern E:\c18v3.46\pic18-lt\cxx-framework\src\traditional\proc\p18f4550.asm
             ECCP1DELbits   0x000fb7       data     extern E:\c18v3.46\pic18-lt\cxx-framework\src\traditional\proc\p18f4550.asm
                 ECCP1DEL   0x000fb7       data     extern E:\c18v3.46\pic18-lt\cxx-framework\src\traditional\proc\p18f4550.asm
                  BAUDCON   0x000fb8       data     extern E:\c18v3.46\pic18-lt\cxx-framework\src\traditional\proc\p18f4550.asm
              BAUDCONbits   0x000fb8       data     extern E:\c18v3.46\pic18-lt\cxx-framework\src\traditional\proc\p18f4550.asm
                  BAUDCTL   0x000fb8       data     extern E:\c18v3.46\pic18-lt\cxx-framework\src\traditional\proc\p18f4550.asm
              BAUDCTLbits   0x000fb8       data     extern E:\c18v3.46\pic18-lt\cxx-framework\src\traditional\proc\p18f4550.asm
                  CCP2CON   0x000fba       data     extern E:\c18v3.46\pic18-lt\cxx-framework\src\traditional\proc\p18f4550.asm
              CCP2CONbits   0x000fba       data     extern E:\c18v3.46\pic18-lt\cxx-framework\src\traditional\proc\p18f4550.asm
                    CCPR2   0x000fbb       data     extern E:\c18v3.46\pic18-lt\cxx-framework\src\traditional\proc\p18f4550.asm
                   CCPR2L   0x000fbb       data     extern E:\c18v3.46\pic18-lt\cxx-framework\src\traditional\proc\p18f4550.asm
                   CCPR2H   0x000fbc       data     extern E:\c18v3.46\pic18-lt\cxx-framework\src\traditional\proc\p18f4550.asm
              CCP1CONbits   0x000fbd       data     extern E:\c18v3.46\pic18-lt\cxx-framework\src\traditional\proc\p18f4550.asm
                  CCP1CON   0x000fbd       data     extern E:\c18v3.46\pic18-lt\cxx-framework\src\traditional\proc\p18f4550.asm
                 ECCP1CON   0x000fbd       data     extern E:\c18v3.46\pic18-lt\cxx-framework\src\traditional\proc\p18f4550.asm
             ECCP1CONbits   0x000fbd       data     extern E:\c18v3.46\pic18-lt\cxx-framework\src\traditional\proc\p18f4550.asm
                   CCPR1L   0x000fbe       data     extern E:\c18v3.46\pic18-lt\cxx-framework\src\traditional\proc\p18f4550.asm
                    CCPR1   0x000fbe       data     extern E:\c18v3.46\pic18-lt\cxx-framework\src\traditional\proc\p18f4550.asm
                   CCPR1H   0x000fbf       data     extern E:\c18v3.46\pic18-lt\cxx-framework\src\traditional\proc\p18f4550.asm
                   ADCON2   0x000fc0       data     extern E:\c18v3.46\pic18-lt\cxx-framework\src\traditional\proc\p18f4550.asm
               ADCON2bits   0x000fc0       data     extern E:\c18v3.46\pic18-lt\cxx-framework\src\traditional\proc\p18f4550.asm
               ADCON1bits   0x000fc1       data     extern E:\c18v3.46\pic18-lt\cxx-framework\src\traditional\proc\p18f4550.asm
                   ADCON1   0x000fc1       data     extern E:\c18v3.46\pic18-lt\cxx-framework\src\traditional\proc\p18f4550.asm
                   ADCON0   0x000fc2       data     extern E:\c18v3.46\pic18-lt\cxx-framework\src\traditional\proc\p18f4550.asm
               ADCON0bits   0x000fc2       data     extern E:\c18v3.46\pic18-lt\cxx-framework\src\traditional\proc\p18f4550.asm
                    ADRES   0x000fc3       data     extern E:\c18v3.46\pic18-lt\cxx-framework\src\traditional\proc\p18f4550.asm
                   ADRESL   0x000fc3       data     extern E:\c18v3.46\pic18-lt\cxx-framework\src\traditional\proc\p18f4550.asm
                   ADRESH   0x000fc4       data     extern E:\c18v3.46\pic18-lt\cxx-framework\src\traditional\proc\p18f4550.asm
                  SSPCON2   0x000fc5       data     extern E:\c18v3.46\pic18-lt\cxx-framework\src\traditional\proc\p18f4550.asm
              SSPCON2bits   0x000fc5       data     extern E:\c18v3.46\pic18-lt\cxx-framework\src\traditional\proc\p18f4550.asm
              SSPCON1bits   0x000fc6       data     extern E:\c18v3.46\pic18-lt\cxx-framework\src\traditional\proc\p18f4550.asm
                  SSPCON1   0x000fc6       data     extern E:\c18v3.46\pic18-lt\cxx-framework\src\traditional\proc\p18f4550.asm
              SSPSTATbits   0x000fc7       data     extern E:\c18v3.46\pic18-lt\cxx-framework\src\traditional\proc\p18f4550.asm
                  SSPSTAT   0x000fc7       data     extern E:\c18v3.46\pic18-lt\cxx-framework\src\traditional\proc\p18f4550.asm
                   SSPADD   0x000fc8       data     extern E:\c18v3.46\pic18-lt\cxx-framework\src\traditional\proc\p18f4550.asm
                   SSPBUF   0x000fc9       data     extern E:\c18v3.46\pic18-lt\cxx-framework\src\traditional\proc\p18f4550.asm
                    T2CON   0x000fca       data     extern E:\c18v3.46\pic18-lt\cxx-framework\src\traditional\proc\p18f4550.asm
                T2CONbits   0x000fca       data     extern E:\c18v3.46\pic18-lt\cxx-framework\src\traditional\proc\p18f4550.asm
                      PR2   0x000fcb       data     extern E:\c18v3.46\pic18-lt\cxx-framework\src\traditional\proc\p18f4550.asm
                     TMR2   0x000fcc       data     extern E:\c18v3.46\pic18-lt\cxx-framework\src\traditional\proc\p18f4550.asm
                    T1CON   0x000fcd       data     extern E:\c18v3.46\pic18-lt\cxx-framework\src\traditional\proc\p18f4550.asm
                T1CONbits   0x000fcd       data     extern E:\c18v3.46\pic18-lt\cxx-framework\src\traditional\proc\p18f4550.asm
                    TMR1L   0x000fce       data     extern E:\c18v3.46\pic18-lt\cxx-framework\src\traditional\proc\p18f4550.asm
                    TMR1H   0x000fcf       data     extern E:\c18v3.46\pic18-lt\cxx-framework\src\traditional\proc\p18f4550.asm
                     RCON   0x000fd0       data     extern E:\c18v3.46\pic18-lt\cxx-framework\src\traditional\proc\p18f4550.asm
                 RCONbits   0x000fd0       data     extern E:\c18v3.46\pic18-lt\cxx-framework\src\traditional\proc\p18f4550.asm
                   WDTCON   0x000fd1       data     extern E:\c18v3.46\pic18-lt\cxx-framework\src\traditional\proc\p18f4550.asm
               WDTCONbits   0x000fd1       data     extern E:\c18v3.46\pic18-lt\cxx-framework\src\traditional\proc\p18f4550.asm
              HLVDCONbits   0x000fd2       data     extern E:\c18v3.46\pic18-lt\cxx-framework\src\traditional\proc\p18f4550.asm
                  HLVDCON   0x000fd2       data     extern E:\c18v3.46\pic18-lt\cxx-framework\src\traditional\proc\p18f4550.asm
                   LVDCON   0x000fd2       data     extern E:\c18v3.46\pic18-lt\cxx-framework\src\traditional\proc\p18f4550.asm
               LVDCONbits   0x000fd2       data     extern E:\c18v3.46\pic18-lt\cxx-framework\src\traditional\proc\p18f4550.asm
                   OSCCON   0x000fd3       data     extern E:\c18v3.46\pic18-lt\cxx-framework\src\traditional\proc\p18f4550.asm
               OSCCONbits   0x000fd3       data     extern E:\c18v3.46\pic18-lt\cxx-framework\src\traditional\proc\p18f4550.asm
                T0CONbits   0x000fd5       data     extern E:\c18v3.46\pic18-lt\cxx-framework\src\traditional\proc\p18f4550.asm
                    T0CON   0x000fd5       data     extern E:\c18v3.46\pic18-lt\cxx-framework\src\traditional\proc\p18f4550.asm
                    TMR0L   0x000fd6       data     extern E:\c18v3.46\pic18-lt\cxx-framework\src\traditional\proc\p18f4550.asm
                    TMR0H   0x000fd7       data     extern E:\c18v3.46\pic18-lt\cxx-framework\src\traditional\proc\p18f4550.asm
                   STATUS   0x000fd8       data     extern E:\c18v3.46\pic18-lt\cxx-framework\src\traditional\proc\p18f4550.asm
               STATUSbits   0x000fd8       data     extern E:\c18v3.46\pic18-lt\cxx-framework\src\traditional\proc\p18f4550.asm
                    FSR2L   0x000fd9       data     extern E:\c18v3.46\pic18-lt\cxx-framework\src\traditional\proc\p18f4550.asm
                     FSR2   0x000fd9       data     extern E:\c18v3.46\pic18-lt\cxx-framework\src\traditional\proc\p18f4550.asm
                    FSR2H   0x000fda       data     extern E:\c18v3.46\pic18-lt\cxx-framework\src\traditional\proc\p18f4550.asm
                   PLUSW2   0x000fdb       data     extern E:\c18v3.46\pic18-lt\cxx-framework\src\traditional\proc\p18f4550.asm
                  PREINC2   0x000fdc       data     extern E:\c18v3.46\pic18-lt\cxx-framework\src\traditional\proc\p18f4550.asm
                 POSTDEC2   0x000fdd       data     extern E:\c18v3.46\pic18-lt\cxx-framework\src\traditional\proc\p18f4550.asm
                 POSTINC2   0x000fde       data     extern E:\c18v3.46\pic18-lt\cxx-framework\src\traditional\proc\p18f4550.asm
                    INDF2   0x000fdf       data     extern E:\c18v3.46\pic18-lt\cxx-framework\src\traditional\proc\p18f4550.asm
                      BSR   0x000fe0       data     extern E:\c18v3.46\pic18-lt\cxx-framework\src\traditional\proc\p18f4550.asm
                     FSR1   0x000fe1       data     extern E:\c18v3.46\pic18-lt\cxx-framework\src\traditional\proc\p18f4550.asm
                    FSR1L   0x000fe1       data     extern E:\c18v3.46\pic18-lt\cxx-framework\src\traditional\proc\p18f4550.asm
                    FSR1H   0x000fe2       data     extern E:\c18v3.46\pic18-lt\cxx-framework\src\traditional\proc\p18f4550.asm
                   PLUSW1   0x000fe3       data     extern E:\c18v3.46\pic18-lt\cxx-framework\src\traditional\proc\p18f4550.asm
                  PREINC1   0x000fe4       data     extern E:\c18v3.46\pic18-lt\cxx-framework\src\traditional\proc\p18f4550.asm
                 POSTDEC1   0x000fe5       data     extern E:\c18v3.46\pic18-lt\cxx-framework\src\traditional\proc\p18f4550.asm
                 POSTINC1   0x000fe6       data     extern E:\c18v3.46\pic18-lt\cxx-framework\src\traditional\proc\p18f4550.asm
                    INDF1   0x000fe7       data     extern E:\c18v3.46\pic18-lt\cxx-framework\src\traditional\proc\p18f4550.asm
                     WREG   0x000fe8       data     extern E:\c18v3.46\pic18-lt\cxx-framework\src\traditional\proc\p18f4550.asm
                    FSR0L   0x000fe9       data     extern E:\c18v3.46\pic18-lt\cxx-framework\src\traditional\proc\p18f4550.asm
                     FSR0   0x000fe9       data     extern E:\c18v3.46\pic18-lt\cxx-framework\src\traditional\proc\p18f4550.asm
                    FSR0H   0x000fea       data     extern E:\c18v3.46\pic18-lt\cxx-framework\src\traditional\proc\p18f4550.asm
                   PLUSW0   0x000feb       data     extern E:\c18v3.46\pic18-lt\cxx-framework\src\traditional\proc\p18f4550.asm
                  PREINC0   0x000fec       data     extern E:\c18v3.46\pic18-lt\cxx-framework\src\traditional\proc\p18f4550.asm
                 POSTDEC0   0x000fed       data     extern E:\c18v3.46\pic18-lt\cxx-framework\src\traditional\proc\p18f4550.asm
                 POSTINC0   0x000fee       data     extern E:\c18v3.46\pic18-lt\cxx-framework\src\traditional\proc\p18f4550.asm
                    INDF0   0x000fef       data     extern E:\c18v3.46\pic18-lt\cxx-framework\src\traditional\proc\p18f4550.asm
                  INTCON3   0x000ff0       data     extern E:\c18v3.46\pic18-lt\cxx-framework\src\traditional\proc\p18f4550.asm
              INTCON3bits   0x000ff0       data     extern E:\c18v3.46\pic18-lt\cxx-framework\src\traditional\proc\p18f4550.asm
              INTCON2bits   0x000ff1       data     extern E:\c18v3.46\pic18-lt\cxx-framework\src\traditional\proc\p18f4550.asm
                  INTCON2   0x000ff1       data     extern E:\c18v3.46\pic18-lt\cxx-framework\src\traditional\proc\p18f4550.asm
               INTCONbits   0x000ff2       data     extern E:\c18v3.46\pic18-lt\cxx-framework\src\traditional\proc\p18f4550.asm
                   INTCON   0x000ff2       data     extern E:\c18v3.46\pic18-lt\cxx-framework\src\traditional\proc\p18f4550.asm
                     PROD   0x000ff3       data     extern E:\c18v3.46\pic18-lt\cxx-framework\src\traditional\proc\p18f4550.asm
                    PRODL   0x000ff3       data     extern E:\c18v3.46\pic18-lt\cxx-framework\src\traditional\proc\p18f4550.asm
                    PRODH   0x000ff4       data     extern E:\c18v3.46\pic18-lt\cxx-framework\src\traditional\proc\p18f4550.asm
                   TABLAT   0x000ff5       data     extern E:\c18v3.46\pic18-lt\cxx-framework\src\traditional\proc\p18f4550.asm
                   TBLPTR   0x000ff6       data     extern E:\c18v3.46\pic18-lt\cxx-framework\src\traditional\proc\p18f4550.asm
                  TBLPTRL   0x000ff6       data     extern E:\c18v3.46\pic18-lt\cxx-framework\src\traditional\proc\p18f4550.asm
                  TBLPTRH   0x000ff7       data     extern E:\c18v3.46\pic18-lt\cxx-framework\src\traditional\proc\p18f4550.asm
                  TBLPTRU   0x000ff8       data     extern E:\c18v3.46\pic18-lt\cxx-framework\src\traditional\proc\p18f4550.asm
                       PC   0x000ff9       data     extern E:\c18v3.46\pic18-lt\cxx-framework\src\traditional\proc\p18f4550.asm
                      PCL   0x000ff9       data     extern E:\c18v3.46\pic18-lt\cxx-framework\src\traditional\proc\p18f4550.asm
                   PCLATH   0x000ffa       data     extern E:\c18v3.46\pic18-lt\cxx-framework\src\traditional\proc\p18f4550.asm
                   PCLATU   0x000ffb       data     extern E:\c18v3.46\pic18-lt\cxx-framework\src\traditional\proc\p18f4550.asm
               STKPTRbits   0x000ffc       data     extern E:\c18v3.46\pic18-lt\cxx-framework\src\traditional\proc\p18f4550.asm
                   STKPTR   0x000ffc       data     extern E:\c18v3.46\pic18-lt\cxx-framework\src\traditional\proc\p18f4550.asm
                      TOS   0x000ffd       data     extern E:\c18v3.46\pic18-lt\cxx-framework\src\traditional\proc\p18f4550.asm
                     TOSL   0x000ffd       data     extern E:\c18v3.46\pic18-lt\cxx-framework\src\traditional\proc\p18f4550.asm
                     TOSH   0x000ffe       data     extern E:\c18v3.46\pic18-lt\cxx-framework\src\traditional\proc\p18f4550.asm
                     TOSU   0x000fff       data     extern E:\c18v3.46\pic18-lt\cxx-framework\src\traditional\proc\p18f4550.asm


